Archive member included because of file (symbol)

/Applications/microchip/xc32/v1.31/bin/../lib/gcc/pic32mx/4.5.2/../../../../pic32mx/lib/libmchp_peripheral_32MX795F512L.a(pcache.o)
                              NU32.o (CheKseg0CacheOn)
/Applications/microchip/xc32/v1.31/bin/../lib/gcc/pic32mx/4.5.2/../../../../pic32mx/lib/libmchp_peripheral_32MX795F512L.a(int_enable_interrupts_lib.o)
                              core.o (INTEnableInterrupts)
/Applications/microchip/xc32/v1.31/bin/../lib/gcc/pic32mx/4.5.2/../../../../pic32mx/lib/libmchp_peripheral_32MX795F512L.a(int_disable_interrupts_lib.o)
                              NU32.o (INTDisableInterrupts)
/Applications/microchip/xc32/v1.31/bin/../lib/gcc/pic32mx/4.5.2/../../../../pic32mx/lib/libmchp_peripheral_32MX795F512L.a(int_restore_interrupts_lib.o)
                              NU32.o (INTRestoreInterrupts)
/Applications/microchip/xc32/v1.31/bin/../lib/gcc/pic32mx/4.5.2/../../../../pic32mx/lib/libmchp_peripheral_32MX795F512L.a(int_enable_mv_int_lib.o)
                              NU32.o (INTEnableSystemMultiVectoredInt)
/Applications/microchip/xc32/v1.31/bin/../lib/gcc/pic32mx/4.5.2/../../../../pic32mx/lib/libmchp_peripheral_32MX795F512L.a(nvm_erase_page_lib.o)
                              dee_emulation_pic32.o (NVMErasePage)
/Applications/microchip/xc32/v1.31/bin/../lib/gcc/pic32mx/4.5.2/../../../../pic32mx/lib/libmchp_peripheral_32MX795F512L.a(nvm_operation_lib.o)
                              /Applications/microchip/xc32/v1.31/bin/../lib/gcc/pic32mx/4.5.2/../../../../pic32mx/lib/libmchp_peripheral_32MX795F512L.a(nvm_erase_page_lib.o) (_NVMOperation)
/Applications/microchip/xc32/v1.31/bin/../lib/gcc/pic32mx/4.5.2/../../../../pic32mx/lib/libmchp_peripheral_32MX795F512L.a(nvm_write_word_lib.o)
                              dee_emulation_pic32.o (NVMWriteWord)
/Applications/microchip/xc32/v1.31/bin/../lib/gcc/pic32mx/4.5.2/../../../../pic32mx/lib/libmchp_peripheral_32MX795F512L.a(uart_lib.o)
                              NU32.o (uartReg)
/Applications/microchip/xc32/v1.31/bin/../lib/gcc/pic32mx/4.5.2/../../../../pic32mx/lib/libpic32.a(memcpy.o)
                              menu.o (memcpy)
/Applications/microchip/xc32/v1.31/bin/../lib/gcc/pic32mx/4.5.2/../../../../pic32mx/lib/libpic32.a(strlen.o)
                              menu.o (strlen)
/Applications/microchip/xc32/v1.31/bin/../lib/gcc/pic32mx/4.5.2/../../../../pic32mx/lib/libpic32.a(default-bootstrap-exception-handler.o)
                              /Applications/microchip/xc32/v1.31/bin/../lib/gcc/pic32mx/4.5.2/../../../../pic32mx/lib/./proc/32MX795F512L/crt0_mips32r2.o (_bootstrap_exception_handler)
/Applications/microchip/xc32/v1.31/bin/../lib/gcc/pic32mx/4.5.2/../../../../pic32mx/lib/libpic32.a(default-on-reset.o)
                              /Applications/microchip/xc32/v1.31/bin/../lib/gcc/pic32mx/4.5.2/../../../../pic32mx/lib/./proc/32MX795F512L/crt0_mips32r2.o (_on_reset)
/Applications/microchip/xc32/v1.31/bin/../lib/gcc/pic32mx/4.5.2/../../../../pic32mx/lib/libpic32.a(default-on-bootstrap.o)
                              /Applications/microchip/xc32/v1.31/bin/../lib/gcc/pic32mx/4.5.2/../../../../pic32mx/lib/./proc/32MX795F512L/crt0_mips32r2.o (_on_bootstrap)
/Applications/microchip/xc32/v1.31/bin/../lib/gcc/pic32mx/4.5.2/../../../../pic32mx/lib/libpic32.a(default-nmi-handler.o)
                              /Applications/microchip/xc32/v1.31/bin/../lib/gcc/pic32mx/4.5.2/../../../../pic32mx/lib/./proc/32MX795F512L/crt0_mips32r2.o (_nmi_handler)
/Applications/microchip/xc32/v1.31/bin/../lib/gcc/pic32mx/4.5.2/../../../../pic32mx/lib/libpic32.a(pic32_software_reset.o)
                              /Applications/microchip/xc32/v1.31/bin/../lib/gcc/pic32mx/4.5.2/../../../../pic32mx/lib/libpic32.a(default-bootstrap-exception-handler.o) (__pic32_software_reset)
/Applications/microchip/xc32/v1.31/bin/../lib/gcc/pic32mx/4.5.2/../../../../pic32mx/lib/libpic32.a(general-exception.o)
                              /Applications/microchip/xc32/v1.31/bin/../lib/gcc/pic32mx/4.5.2/../../../../pic32mx/lib/./proc/32MX795F512L/crt0_mips32r2.o (_general_exception_context)
/Applications/microchip/xc32/v1.31/bin/../lib/gcc/pic32mx/4.5.2/../../../../pic32mx/lib/libpic32.a(default-general-exception-handler.o)
                              /Applications/microchip/xc32/v1.31/bin/../lib/gcc/pic32mx/4.5.2/../../../../pic32mx/lib/libpic32.a(general-exception.o) (_general_exception_handler)
/Applications/microchip/xc32/v1.31/bin/../lib/gcc/pic32mx/4.5.2/../../../../pic32mx/lib/libm.a(fp32.o)
                              current.o (fpmul)
/Applications/microchip/xc32/v1.31/bin/../lib/gcc/pic32mx/4.5.2/../../../../pic32mx/lib/libc.a(sprintf_cdnopuxX.eo)
                              current.o (_sprintf_cdnopuxX)
/Applications/microchip/xc32/v1.31/bin/../lib/gcc/pic32mx/4.5.2/../../../../pic32mx/lib/libc.a(sprintf.o)
                              menu.o (sprintf)
[...]
Memory Configuration

Name             Origin             Length             Attributes
exception_mem    0x9d000000         0x00001000
kseg0_boot_mem   0x9d001000         0x00000970
kseg1_boot_mem   0xbd001970         0x00000490
kseg0_program_mem 0x9d001e00         0x0007e200         xr
debug_exec_mem   0xbfc02000         0x00000ff0
config3          0xbfc02ff0         0x00000004
config2          0xbfc02ff4         0x00000004
config1          0xbfc02ff8         0x00000004
config0          0xbfc02ffc         0x00000004
configsfrs       0xbfc02ff0         0x00000010
sfrs             0xbf800000         0x00100000
kseg1_data_mem   0xa0000000         0x00020000         w !x
*default*        0x00000000         0xffffffff

Linker script and memory map

LOAD /Applications/microchip/xc32/v1.31/bin/../lib/gcc/pic32mx/4.5.2/../../../../pic32mx/lib/./proc/32MX795F512L/crt0_mips32r2.o
LOAD NU32.o
LOAD core.o
LOAD current.o
LOAD dee_emulation_pic32.o
LOAD main.o
LOAD menu.o
LOAD motion.o
LOAD streaming.o
                0x00000001                __MPLAB_BUILD = 0x1
                0x00000400                PROVIDE (_min_stack_size, 0x400)
                0x00000000                PROVIDE (_min_heap_size, 0x0)
LOAD /Applications/microchip/xc32/v1.31/bin/../lib/gcc/pic32mx/4.5.2/../../../../pic32mx/lib/./proc/32MX795F512L/processor.o
START GROUP
LOAD /Applications/microchip/xc32/v1.31/bin/../lib/gcc/pic32mx/4.5.2/../../../../pic32mx/lib/libmchp_peripheral.a
END GROUP
START GROUP
LOAD /Applications/microchip/xc32/v1.31/bin/../lib/gcc/pic32mx/4.5.2/../../../../pic32mx/lib/libmchp_peripheral_32MX795F512L.a
END GROUP
                0x00000001                PROVIDE (_vector_spacing, 0x1)
                0x9d000000                _ebase_address = 0x9d000000
                0xbd001970                _RESET_ADDR = 0xbd001970
                0xbd001cf0                _BEV_EXCPT_ADDR = 0xbd001cf0
                0xbd001df0                _DBG_EXCPT_ADDR = 0xbd001df0
                0xbfc02000                _DBG_CODE_ADDR = 0xbfc02000
                0x00000ff0                _DBG_CODE_SIZE = 0xff0
                0x9d000180                _GEN_EXCPT_ADDR = (_ebase_address + 0x180)

.config_BFC02FF0
 *(.config_BFC02FF0)

.config_BFC02FF4
 *(.config_BFC02FF4)

.config_BFC02FF8
 *(.config_BFC02FF8)

.config_BFC02FFC
 *(.config_BFC02FFC)
                0xbfc02000                PROVIDE (_DBG_CODE_ADDR, 0xbfc02000)
                0x00000ff0                PROVIDE (_DBG_CODE_SIZE, 0xff0)

.reset          0xbd001970      0x1e8
 *(.reset)
 .reset         0xbd001970      0x1e8 /Applications/microchip/xc32/v1.31/bin/../lib/gcc/pic32mx/4.5.2/../../../../pic32mx/lib/./proc/32MX795F512L/crt0_mips32r2.o
                0xbd001970                _reset
 *(.reset.startup)

.bev_excpt      0xbd001cf0       0x10
 *(.bev_handler)
 .bev_handler   0xbd001cf0       0x10 /Applications/microchip/xc32/v1.31/bin/../lib/gcc/pic32mx/4.5.2/../../../../pic32mx/lib/./proc/32MX795F512L/crt0_mips32r2.o

.dbg_excpt      0xbd001df0        0x0
                0xbd001df0                . = (. + DEFINED (_DEBUGGER)?0x8:0x0)

.dbg_code       0xbfc02000        0x0
                0xbfc02000                . = (. + DEFINED (_DEBUGGER)?_DBG_CODE_SIZE:0x0)

.app_excpt      0x9d000180       0x10
 *(.gen_handler)
 .gen_handler   0x9d000180       0x10 /Applications/microchip/xc32/v1.31/bin/../lib/gcc/pic32mx/4.5.2/../../../../pic32mx/lib/./proc/32MX795F512L/crt0_mips32r2.o

.vector_0       0x9d000200        0x0
 *(.vector_0)
                0x00000001                ASSERT (((_vector_spacing == 0x0) || (SIZEOF (.vector_0) <= (_vector_spacing << 0x5))), function at exception vector 0 too large)

.vector_1       0x9d000220        0x0
 *(.vector_1)
                0x00000001                ASSERT (((_vector_spacing == 0x0) || (SIZEOF (.vector_1) <= (_vector_spacing << 0x5))), function at exception vector 1 too large)

.vector_2       0x9d000240        0x0
 *(.vector_2)
                0x00000001                ASSERT (((_vector_spacing == 0x0) || (SIZEOF (.vector_2) <= (_vector_spacing << 0x5))), function at exception vector 2 too large)

.vector_3       0x9d000260        0x0
 *(.vector_3)
                0x00000001                ASSERT (((_vector_spacing == 0x0) || (SIZEOF (.vector_3) <= (_vector_spacing << 0x5))), function at exception vector 3 too large)

.vector_4       0x9d000280        0x8
 *(.vector_4)
 .vector_4      0x9d000280        0x8 current.o
                0x9d000280                __vector_dispatch_4
                0x00000001                ASSERT (((_vector_spacing == 0x0) || (SIZEOF (.vector_4) <= (_vector_spacing << 0x5))), function at exception vector 4 too large)

.vector_5       0x9d0002a0        0x0
 *(.vector_5)
                0x00000001                ASSERT (((_vector_spacing == 0x0) || (SIZEOF (.vector_5) <= (_vector_spacing << 0x5))), function at exception vector 5 too large)

.vector_6       0x9d0002c0        0x0
 *(.vector_6)
                0x00000001                ASSERT (((_vector_spacing == 0x0) || (SIZEOF (.vector_6) <= (_vector_spacing << 0x5))), function at exception vector 6 too large)

.vector_7       0x9d0002e0        0x0
 *(.vector_7)
                0x00000001                ASSERT (((_vector_spacing == 0x0) || (SIZEOF (.vector_7) <= (_vector_spacing << 0x5))), function at exception vector 7 too large)

.vector_8       0x9d000300        0x8
 *(.vector_8)
 .vector_8      0x9d000300        0x8 motion.o
                0x9d000300                __vector_dispatch_8
                0x00000001                ASSERT (((_vector_spacing == 0x0) || (SIZEOF (.vector_8) <= (_vector_spacing << 0x5))), function at exception vector 8 too large)

.vector_9       0x9d000320        0x0
 *(.vector_9)
                0x00000001                ASSERT (((_vector_spacing == 0x0) || (SIZEOF (.vector_9) <= (_vector_spacing << 0x5))), function at exception vector 9 too large)

.vector_10      0x9d000340        0x0
 *(.vector_10)
                0x00000001                ASSERT (((_vector_spacing == 0x0) || (SIZEOF (.vector_10) <= (_vector_spacing << 0x5))), function at exception vector 10 too large)

.vector_11      0x9d000360        0x0
 *(.vector_11)
                0x00000001                ASSERT (((_vector_spacing == 0x0) || (SIZEOF (.vector_11) <= (_vector_spacing << 0x5))), function at exception vector 11 too large)

.vector_12      0x9d000380        0x0
 *(.vector_12)
                0x00000001                ASSERT (((_vector_spacing == 0x0) || (SIZEOF (.vector_12) <= (_vector_spacing << 0x5))), function at exception vector 12 too large)

.vector_13      0x9d0003a0        0x0
 *(.vector_13)
                0x00000001                ASSERT (((_vector_spacing == 0x0) || (SIZEOF (.vector_13) <= (_vector_spacing << 0x5))), function at exception vector 13 too large)

.vector_14      0x9d0003c0        0x0
 *(.vector_14)
                0x00000001                ASSERT (((_vector_spacing == 0x0) || (SIZEOF (.vector_14) <= (_vector_spacing << 0x5))), function at exception vector 14 too large)

.vector_15      0x9d0003e0        0x0
 *(.vector_15)
                0x00000001                ASSERT (((_vector_spacing == 0x0) || (SIZEOF (.vector_15) <= (_vector_spacing << 0x5))), function at exception vector 15 too large)

.vector_16      0x9d000400        0x0
 *(.vector_16)
                0x00000001                ASSERT (((_vector_spacing == 0x0) || (SIZEOF (.vector_16) <= (_vector_spacing << 0x5))), function at exception vector 16 too large)

.vector_17      0x9d000420        0x0
 *(.vector_17)
                0x00000001                ASSERT (((_vector_spacing == 0x0) || (SIZEOF (.vector_17) <= (_vector_spacing << 0x5))), function at exception vector 17 too large)

.vector_18      0x9d000440        0x0
 *(.vector_18)
                0x00000001                ASSERT (((_vector_spacing == 0x0) || (SIZEOF (.vector_18) <= (_vector_spacing << 0x5))), function at exception vector 18 too large)

.vector_19      0x9d000460        0x0
 *(.vector_19)
                0x00000001                ASSERT (((_vector_spacing == 0x0) || (SIZEOF (.vector_19) <= (_vector_spacing << 0x5))), function at exception vector 19 too large)

.vector_20      0x9d000480        0x0
 *(.vector_20)
                0x00000001                ASSERT (((_vector_spacing == 0x0) || (SIZEOF (.vector_20) <= (_vector_spacing << 0x5))), function at exception vector 20 too large)

.vector_21      0x9d0004a0        0x0
 *(.vector_21)
                0x00000001                ASSERT (((_vector_spacing == 0x0) || (SIZEOF (.vector_21) <= (_vector_spacing << 0x5))), function at exception vector 21 too large)

.vector_22      0x9d0004c0        0x0
 *(.vector_22)
                0x00000001                ASSERT (((_vector_spacing == 0x0) || (SIZEOF (.vector_22) <= (_vector_spacing << 0x5))), function at exception vector 22 too large)

.vector_23      0x9d0004e0        0x0
 *(.vector_23)
                0x00000001                ASSERT (((_vector_spacing == 0x0) || (SIZEOF (.vector_23) <= (_vector_spacing << 0x5))), function at exception vector 23 too large)

.vector_24      0x9d000500        0x0
 *(.vector_24)
                0x00000001                ASSERT (((_vector_spacing == 0x0) || (SIZEOF (.vector_24) <= (_vector_spacing << 0x5))), function at exception vector 24 too large)

.vector_25      0x9d000520        0x0
 *(.vector_25)
                0x00000001                ASSERT (((_vector_spacing == 0x0) || (SIZEOF (.vector_25) <= (_vector_spacing << 0x5))), function at exception vector 25 too large)

.vector_26      0x9d000540        0x0
 *(.vector_26)
                0x00000001                ASSERT (((_vector_spacing == 0x0) || (SIZEOF (.vector_26) <= (_vector_spacing << 0x5))), function at exception vector 26 too large)

.vector_27      0x9d000560        0x0
 *(.vector_27)
                0x00000001                ASSERT (((_vector_spacing == 0x0) || (SIZEOF (.vector_27) <= (_vector_spacing << 0x5))), function at exception vector 27 too large)

.vector_28      0x9d000580        0x0
 *(.vector_28)
                0x00000001                ASSERT (((_vector_spacing == 0x0) || (SIZEOF (.vector_28) <= (_vector_spacing << 0x5))), function at exception vector 28 too large)

.vector_29      0x9d0005a0        0x0
 *(.vector_29)
                0x00000001                ASSERT (((_vector_spacing == 0x0) || (SIZEOF (.vector_29) <= (_vector_spacing << 0x5))), function at exception vector 29 too large)

.vector_30      0x9d0005c0        0x0
 *(.vector_30)
                0x00000001                ASSERT (((_vector_spacing == 0x0) || (SIZEOF (.vector_30) <= (_vector_spacing << 0x5))), function at exception vector 30 too large)

.vector_31      0x9d0005e0        0x0
 *(.vector_31)
                0x00000001                ASSERT (((_vector_spacing == 0x0) || (SIZEOF (.vector_31) <= (_vector_spacing << 0x5))), function at exception vector 31 too large)

.vector_32      0x9d000600        0x0
 *(.vector_32)
                0x00000001                ASSERT (((_vector_spacing == 0x0) || (SIZEOF (.vector_32) <= (_vector_spacing << 0x5))), function at exception vector 32 too large)

.vector_33      0x9d000620        0x0
 *(.vector_33)
                0x00000001                ASSERT (((_vector_spacing == 0x0) || (SIZEOF (.vector_33) <= (_vector_spacing << 0x5))), function at exception vector 33 too large)

.vector_34      0x9d000640        0x0
 *(.vector_34)
                0x00000001                ASSERT (((_vector_spacing == 0x0) || (SIZEOF (.vector_34) <= (_vector_spacing << 0x5))), function at exception vector 34 too large)

.vector_35      0x9d000660        0x0
 *(.vector_35)
                0x00000001                ASSERT (((_vector_spacing == 0x0) || (SIZEOF (.vector_35) <= (_vector_spacing << 0x5))), function at exception vector 35 too large)

.vector_36      0x9d000680        0x0
 *(.vector_36)
                0x00000001                ASSERT (((_vector_spacing == 0x0) || (SIZEOF (.vector_36) <= (_vector_spacing << 0x5))), function at exception vector 36 too large)

.vector_37      0x9d0006a0        0x0
 *(.vector_37)
                0x00000001                ASSERT (((_vector_spacing == 0x0) || (SIZEOF (.vector_37) <= (_vector_spacing << 0x5))), function at exception vector 37 too large)

.vector_38      0x9d0006c0        0x0
 *(.vector_38)
                0x00000001                ASSERT (((_vector_spacing == 0x0) || (SIZEOF (.vector_38) <= (_vector_spacing << 0x5))), function at exception vector 38 too large)

.vector_39      0x9d0006e0        0x0
 *(.vector_39)
                0x00000001                ASSERT (((_vector_spacing == 0x0) || (SIZEOF (.vector_39) <= (_vector_spacing << 0x5))), function at exception vector 39 too large)

.vector_40      0x9d000700        0x0
 *(.vector_40)
                0x00000001                ASSERT (((_vector_spacing == 0x0) || (SIZEOF (.vector_40) <= (_vector_spacing << 0x5))), function at exception vector 40 too large)

.vector_41      0x9d000720        0x0
 *(.vector_41)
                0x00000001                ASSERT (((_vector_spacing == 0x0) || (SIZEOF (.vector_41) <= (_vector_spacing << 0x5))), function at exception vector 41 too large)

.vector_42      0x9d000740        0x0
 *(.vector_42)
                0x00000001                ASSERT (((_vector_spacing == 0x0) || (SIZEOF (.vector_42) <= (_vector_spacing << 0x5))), function at exception vector 42 too large)

.vector_43      0x9d000760        0x0
 *(.vector_43)
                0x00000001                ASSERT (((_vector_spacing == 0x0) || (SIZEOF (.vector_43) <= (_vector_spacing << 0x5))), function at exception vector 43 too large)

.vector_44      0x9d000780        0x0
 *(.vector_44)
                0x00000001                ASSERT (((_vector_spacing == 0x0) || (SIZEOF (.vector_44) <= (_vector_spacing << 0x5))), function at exception vector 44 too large)

.vector_45      0x9d0007a0        0x0
 *(.vector_45)
                0x00000001                ASSERT (((_vector_spacing == 0x0) || (SIZEOF (.vector_45) <= (_vector_spacing << 0x5))), function at exception vector 45 too large)

.vector_46      0x9d0007c0        0x0
 *(.vector_46)
                0x00000001                ASSERT (((_vector_spacing == 0x0) || (SIZEOF (.vector_46) <= (_vector_spacing << 0x5))), function at exception vector 46 too large)

.vector_47      0x9d0007e0        0x0
 *(.vector_47)
                0x00000001                ASSERT (((_vector_spacing == 0x0) || (SIZEOF (.vector_47) <= (_vector_spacing << 0x5))), function at exception vector 47 too large)

.vector_48      0x9d000800        0x0
 *(.vector_48)
                0x00000001                ASSERT (((_vector_spacing == 0x0) || (SIZEOF (.vector_48) <= (_vector_spacing << 0x5))), function at exception vector 48 too large)

.vector_49      0x9d000820        0x0
 *(.vector_49)
                0x00000001                ASSERT (((_vector_spacing == 0x0) || (SIZEOF (.vector_49) <= (_vector_spacing << 0x5))), function at exception vector 49 too large)

.vector_50      0x9d000840        0x0
 *(.vector_50)
                0x00000001                ASSERT (((_vector_spacing == 0x0) || (SIZEOF (.vector_50) <= (_vector_spacing << 0x5))), function at exception vector 50 too large)

.vector_51      0x9d000860        0x0
 *(.vector_51)
                0x00000001                ASSERT (((_vector_spacing == 0x0) || (SIZEOF (.vector_51) <= (_vector_spacing << 0x5))), function at exception vector 51 too large)

.vector_52      0x9d000880        0x0
 *(.vector_52)
                0x00000001                ASSERT (((_vector_spacing == 0x0) || (SIZEOF (.vector_52) <= (_vector_spacing << 0x5))), function at exception vector 52 too large)

.vector_53      0x9d0008a0        0x0
 *(.vector_53)
                0x00000001                ASSERT (((_vector_spacing == 0x0) || (SIZEOF (.vector_53) <= (_vector_spacing << 0x5))), function at exception vector 53 too large)

.vector_54      0x9d0008c0        0x0
 *(.vector_54)
                0x00000001                ASSERT (((_vector_spacing == 0x0) || (SIZEOF (.vector_54) <= (_vector_spacing << 0x5))), function at exception vector 54 too large)

.vector_55      0x9d0008e0        0x0
 *(.vector_55)
                0x00000001                ASSERT (((_vector_spacing == 0x0) || (SIZEOF (.vector_55) <= (_vector_spacing << 0x5))), function at exception vector 55 too large)

.vector_56      0x9d000900        0x0
 *(.vector_56)
                0x00000001                ASSERT (((_vector_spacing == 0x0) || (SIZEOF (.vector_56) <= (_vector_spacing << 0x5))), function at exception vector 56 too large)

.vector_57      0x9d000920        0x0
 *(.vector_57)
                0x00000001                ASSERT (((_vector_spacing == 0x0) || (SIZEOF (.vector_57) <= (_vector_spacing << 0x5))), function at exception vector 57 too large)

.vector_58      0x9d000940        0x0
 *(.vector_58)
                0x00000001                ASSERT (((_vector_spacing == 0x0) || (SIZEOF (.vector_58) <= (_vector_spacing << 0x5))), function at exception vector 58 too large)

.vector_59      0x9d000960        0x0
 *(.vector_59)
                0x00000001                ASSERT (((_vector_spacing == 0x0) || (SIZEOF (.vector_59) <= (_vector_spacing << 0x5))), function at exception vector 59 too large)

.vector_60      0x9d000980        0x0
 *(.vector_60)
                0x00000001                ASSERT (((_vector_spacing == 0x0) || (SIZEOF (.vector_60) <= (_vector_spacing << 0x5))), function at exception vector 60 too large)

.vector_61      0x9d0009a0        0x0
 *(.vector_61)
                0x00000001                ASSERT (((_vector_spacing == 0x0) || (SIZEOF (.vector_61) <= (_vector_spacing << 0x5))), function at exception vector 61 too large)

.vector_62      0x9d0009c0        0x0
 *(.vector_62)
                0x00000001                ASSERT (((_vector_spacing == 0x0) || (SIZEOF (.vector_62) <= (_vector_spacing << 0x5))), function at exception vector 62 too large)

.vector_63      0x9d0009e0        0x0
 *(.vector_63)
                0x00000001                ASSERT (((_vector_spacing == 0x0) || (SIZEOF (.vector_63) <= (_vector_spacing << 0x5))), function at exception vector 63 too large)

.startup
 *(.startup)

.text
 *(.stub .gnu.linkonce.t.*)
 *(.text.*personality*)
 *(.mips16.fn.*)
 *(.mips16.call.*)
 *(.gnu.warning)

.rodata         0x9d001e00        0x0
 *(.rodata.* .gnu.linkonce.r.*)
 *(.rodata1)
                0x9d001e00                . = ALIGN (0x4)

.sdata2         0x9d001000        0x0
 *(.sdata2 .sdata2.* .gnu.linkonce.s2.*)
                0x9d001000                . = ALIGN (0x4)

.sbss2          0x9d001000        0x0
 *(.sbss2 .sbss2.* .gnu.linkonce.sb2.*)
                0x9d001000                . = ALIGN (0x4)

.eh_frame_hdr
 *(.eh_frame_hdr)

.eh_frame
 *(.eh_frame)

.dbg_data       0xa0000000        0x0
                0xa0000000                . = (. + DEFINED (_DEBUGGER)?0x200:0x0)

.persist        0xa0000000        0x0
                0xa0000000                _persist_begin = .
 *(.persist .persist.*)
                0xa0000000                . = ALIGN (0x4)
                0xa0000000                _persist_end = .

.eh_frame       0xa0000000       0x30
 *(.eh_frame)
 .eh_frame      0xa0000000       0x20 /Applications/microchip/xc32/v1.31/bin/../lib/gcc/pic32mx/4.5.2/libgcc.a(_udivdi3.o)
 .eh_frame      0xa0000020       0x10 /Applications/microchip/xc32/v1.31/bin/../lib/gcc/pic32mx/4.5.2/libgcc.a(_umoddi3.o)
                0xa0000030                . = .
                0xa0008020                _gp = (ALIGN (0x10) + 0x7ff0)

.got
 *(.got.plt)
 *(.got)

.sdata          0xa0000030       0x1c
                0xa0000030                _sdata_begin = .
 *(.sdata .sdata.* .gnu.linkonce.s.*)
 .sdata         0xa0000030        0x8 current.o
 .sdata         0xa0000038        0xc motion.o
 .sdata         0xa0000044        0x4 /Applications/microchip/xc32/v1.31/bin/../lib/gcc/pic32mx/4.5.2/../../../../pic32mx/lib/libc.a(_iob.o)
                0xa0000044                _Files
 .sdata         0xa0000048        0x4 /Applications/microchip/xc32/v1.31/bin/../lib/gcc/pic32mx/4.5.2/../../../../pic32mx/lib/libpic32.a(xc32_uart.o)
                0xa0000048                __XC_UART
                0xa000004c                _sdata_end = .

.lit8
 *(.lit8)

.lit4
 *(.lit4)
                0xa000004c                . = ALIGN (0x4)
                0xa000004c                _data_end = .
                0xa000004c                _bss_begin = .

.sbss           0xa000004c       0x60
                0xa000004c                _sbss_begin = .
 *(.dynsbss)
 *(.sbss .sbss.* .gnu.linkonce.sb.*)
 .sbss          0xa000004c        0xc core.o
                0xa000004c                core_state
 .sbss          0xa0000058       0x14 current.o
                0xa0000058                currentref
 .sbss          0xa000006c        0x4 dee_emulation_pic32.o
                0xa000006c                lowerAddress
 .sbss          0xa0000070        0x4 menu.o
 .sbss          0xa0000074       0x1c motion.o
 .sbss          0xa0000090       0x14 streaming.o
 .sbss          0xa00000a4        0x1 /Applications/microchip/xc32/v1.31/bin/../lib/gcc/pic32mx/4.5.2/../../../../pic32mx/lib/libc.a(_iob.o)
                0xa00000a4                _outdone
 *(.scommon)
 *fill*         0xa00000a5        0x3 
 .scommon       0xa00000a8        0x4 dee_emulation_pic32.o
                0xa00000a8                dataEEFlags
 .scommon       0xa00000ac        0x0 main.o
 .scommon       0xa00000ac        0x0 menu.o
 .scommon       0xa00000ac        0x0 motion.o
                0xa00000ac                _sbss_end = .

.bss            0xa00000ac       0x20
 *(.dynbss)
 *(COMMON)
 COMMON         0xa00000ac       0x20 NU32.o
                0xa00000ac                NU32_RS232OutBuffer
                0xa00000cc                . = ALIGN (0x4)
                0xa00000cc                . = ALIGN (0x4)
                0xa00000cc                _end = .
                0xa00000cc                _bss_end = .
                0x00020000                _bmxdudba_address = 0x20000
                0x00020000                _bmxdupba_address = 0x20000

/DISCARD/
 *(.pdr)
 *(.reginfo)
 *(.rel.dyn)
 *(.note.GNU-stack)
 *(.note.GNU-stack)
 *(.gnu_debuglink)
 *(.gnu.lto_*)
 *(.discard)

.stab
 *(.stab)

.stabstr
 *(.stabstr)

.stab.excl
 *(.stab.excl)

.stab.exclstr
 *(.stab.exclstr)

.stab.index
 *(.stab.index)

.stab.indexstr
 *(.stab.indexstr)

.comment        0x00000000      0x208
 *(.comment)
 .comment       0x00000000       0x3c NU32.o
                                 0x3d (size before relaxing)
 .comment       0x00000000       0x3d core.o
 .comment       0x00000000       0x3d current.o
 .comment       0x00000000       0x3d dee_emulation_pic32.o
 .comment       0x00000000       0x3d main.o
 .comment       0x00000000       0x3d menu.o
 .comment       0x00000000       0x3d motion.o
 .comment       0x00000000       0x3d streaming.o
 .comment       0x0000003c       0x3c /Applications/microchip/xc32/v1.31/bin/../lib/gcc/pic32mx/4.5.2/../../../../pic32mx/lib/libmchp_peripheral_32MX795F512L.a(pcache.o)
                                 0x3d (size before relaxing)
 .comment       0x00000000       0x3d /Applications/microchip/xc32/v1.31/bin/../lib/gcc/pic32mx/4.5.2/../../../../pic32mx/lib/libmchp_peripheral_32MX795F512L.a(int_enable_interrupts_lib.o)
 .comment       0x00000000       0x3d /Applications/microchip/xc32/v1.31/bin/../lib/gcc/pic32mx/4.5.2/../../../../pic32mx/lib/libmchp_peripheral_32MX795F512L.a(int_disable_interrupts_lib.o)
 .comment       0x00000000       0x3d /Applications/microchip/xc32/v1.31/bin/../lib/gcc/pic32mx/4.5.2/../../../../pic32mx/lib/libmchp_peripheral_32MX795F512L.a(int_restore_interrupts_lib.o)
 .comment       0x00000000       0x3d /Applications/microchip/xc32/v1.31/bin/../lib/gcc/pic32mx/4.5.2/../../../../pic32mx/lib/libmchp_peripheral_32MX795F512L.a(int_enable_mv_int_lib.o)
 .comment       0x00000000       0x3d /Applications/microchip/xc32/v1.31/bin/../lib/gcc/pic32mx/4.5.2/../../../../pic32mx/lib/libmchp_peripheral_32MX795F512L.a(nvm_erase_page_lib.o)
 .comment       0x00000000       0x3d /Applications/microchip/xc32/v1.31/bin/../lib/gcc/pic32mx/4.5.2/../../../../pic32mx/lib/libmchp_peripheral_32MX795F512L.a(nvm_operation_lib.o)
 .comment       0x00000000       0x3d /Applications/microchip/xc32/v1.31/bin/../lib/gcc/pic32mx/4.5.2/../../../../pic32mx/lib/libmchp_peripheral_32MX795F512L.a(nvm_write_word_lib.o)
 .comment       0x00000000       0x3d /Applications/microchip/xc32/v1.31/bin/../lib/gcc/pic32mx/4.5.2/../../../../pic32mx/lib/libmchp_peripheral_32MX795F512L.a(uart_lib.o)
 .comment       0x00000078       0x19 /Applications/microchip/xc32/v1.31/bin/../lib/gcc/pic32mx/4.5.2/../../../../pic32mx/lib/libpic32.a(strlen.o)
                                 0x1a (size before relaxing)
 .comment       0x00000091       0x3c /Applications/microchip/xc32/v1.31/bin/../lib/gcc/pic32mx/4.5.2/../../../../pic32mx/lib/libpic32.a(default-bootstrap-exception-handler.o)
                                 0x3d (size before relaxing)
 .comment       0x00000000       0x3d /Applications/microchip/xc32/v1.31/bin/../lib/gcc/pic32mx/4.5.2/../../../../pic32mx/lib/libpic32.a(default-on-reset.o)
 .comment       0x00000000       0x3d /Applications/microchip/xc32/v1.31/bin/../lib/gcc/pic32mx/4.5.2/../../../../pic32mx/lib/libpic32.a(default-on-bootstrap.o)
 .comment       0x00000000       0x3d /Applications/microchip/xc32/v1.31/bin/../lib/gcc/pic32mx/4.5.2/../../../../pic32mx/lib/libpic32.a(default-general-exception-handler.o)
 .comment       0x00000000       0x3d /Applications/microchip/xc32/v1.31/bin/../lib/gcc/pic32mx/4.5.2/../../../../pic32mx/lib/libc.a(sprintf_cdnopuxX.eo)
 .comment       0x00000000       0x3d /Applications/microchip/xc32/v1.31/bin/../lib/gcc/pic32mx/4.5.2/../../../../pic32mx/lib/libc.a(sprintf.o)
 .comment       0x00000000       0x3d /Applications/microchip/xc32/v1.31/bin/../lib/gcc/pic32mx/4.5.2/../../../../pic32mx/lib/libc.a(sscanf_cdnopuxX.eo)
 .comment       0x00000000       0x3d /Applications/microchip/xc32/v1.31/bin/../lib/gcc/pic32mx/4.5.2/../../../../pic32mx/lib/libc.a(doprnt_cdnopuxX.eo)
 .comment       0x00000000       0x3d /Applications/microchip/xc32/v1.31/bin/../lib/gcc/pic32mx/4.5.2/../../../../pic32mx/lib/libc.a(doprnt.o)
 .comment       0x00000000       0x3d /Applications/microchip/xc32/v1.31/bin/../lib/gcc/pic32mx/4.5.2/../../../../pic32mx/lib/libc.a(doscan_cdnopuxX.eo)
 .comment       0x00000000       0x3d /Applications/microchip/xc32/v1.31/bin/../lib/gcc/pic32mx/4.5.2/../../../../pic32mx/lib/libc.a(fgetc.o)
 .comment       0x00000000       0x3d /Applications/microchip/xc32/v1.31/bin/../lib/gcc/pic32mx/4.5.2/../../../../pic32mx/lib/libc.a(_fputc_simple.o)
 .comment       0x00000000       0x3d /Applications/microchip/xc32/v1.31/bin/../lib/gcc/pic32mx/4.5.2/../../../../pic32mx/lib/libc.a(atoi.o)
 .comment       0x000000cd       0x4e /Applications/microchip/xc32/v1.31/bin/../lib/gcc/pic32mx/4.5.2/../../../../pic32mx/lib/libc.a(ctype.o)
                                 0x8b (size before relaxing)
 .comment       0x0000011b       0x4f /Applications/microchip/xc32/v1.31/bin/../lib/gcc/pic32mx/4.5.2/../../../../pic32mx/lib/libc.a(ctypef.o)
                                 0x8c (size before relaxing)
 .comment       0x00000000       0x3d /Applications/microchip/xc32/v1.31/bin/../lib/gcc/pic32mx/4.5.2/../../../../pic32mx/lib/libc.a(powersf.o)
 .comment       0x00000000       0x3d /Applications/microchip/xc32/v1.31/bin/../lib/gcc/pic32mx/4.5.2/../../../../pic32mx/lib/libc.a(ungetc.o)
 .comment       0x00000000       0x3d /Applications/microchip/xc32/v1.31/bin/../lib/gcc/pic32mx/4.5.2/../../../../pic32mx/lib/libc.a(_iob.o)
 .comment       0x00000000       0x3d /Applications/microchip/xc32/v1.31/bin/../lib/gcc/pic32mx/4.5.2/../../../../pic32mx/lib/libc.a(filbuf.o)
 .comment       0x00000000       0x3d /Applications/microchip/xc32/v1.31/bin/../lib/gcc/pic32mx/4.5.2/../../../../pic32mx/lib/libc.a(_flsbuf_simple.o)
 .comment       0x00000000       0x3d /Applications/microchip/xc32/v1.31/bin/../lib/gcc/pic32mx/4.5.2/../../../../pic32mx/lib/libc.a(fflush.o)
 .comment       0x00000000       0x3d /Applications/microchip/xc32/v1.31/bin/../lib/gcc/pic32mx/4.5.2/../../../../pic32mx/lib/libpic32.a(read.o)
 .comment       0x00000000       0x3d /Applications/microchip/xc32/v1.31/bin/../lib/gcc/pic32mx/4.5.2/../../../../pic32mx/lib/libpic32.a(write.o)
 .comment       0x00000000       0x3d /Applications/microchip/xc32/v1.31/bin/../lib/gcc/pic32mx/4.5.2/../../../../pic32mx/lib/libpic32.a(xc32_uart.o)
 .comment       0x00000000       0x3d /Applications/microchip/xc32/v1.31/bin/../lib/gcc/pic32mx/4.5.2/../../../../pic32mx/lib/libpic32.a(_mon_putc.o)
 .comment       0x0000016a       0x9e /Applications/microchip/xc32/v1.31/bin/../lib/gcc/pic32mx/4.5.2/../../../../pic32mx/lib/libe.a(_floatdisf.o)
                                 0xdb (size before relaxing)
 .comment       0x00000000       0x3d /Applications/microchip/xc32/v1.31/bin/../lib/gcc/pic32mx/4.5.2/libgcc.a(_floatundisf.o)
 .comment       0x00000000       0x3d /Applications/microchip/xc32/v1.31/bin/../lib/gcc/pic32mx/4.5.2/libgcc.a(_udivdi3.o)
 .comment       0x00000000       0x3d /Applications/microchip/xc32/v1.31/bin/../lib/gcc/pic32mx/4.5.2/libgcc.a(_umoddi3.o)
 .comment       0x00000000       0x3d /Applications/microchip/xc32/v1.31/bin/../lib/gcc/pic32mx/4.5.2/libgcc.a(floatunsisf.o)

.debug
 *(.debug)

.line
 *(.line)

.debug_srcinfo
 *(.debug_srcinfo)

.debug_sfnames
 *(.debug_sfnames)

.debug_aranges  0x00000000      0x640
 *(.debug_aranges)
 .debug_aranges
                0x00000000       0x20 NU32.o
 .debug_aranges
                0x00000020       0x20 core.o
 .debug_aranges
                0x00000040       0x20 current.o
 .debug_aranges
                0x00000060       0x20 dee_emulation_pic32.o
 .debug_aranges
                0x00000080       0x20 main.o
 .debug_aranges
                0x000000a0       0x20 menu.o
 .debug_aranges
                0x000000c0       0x20 motion.o
 .debug_aranges
                0x000000e0       0x20 streaming.o
 .debug_aranges
                0x00000100       0x28 /Applications/microchip/xc32/v1.31/bin/../lib/gcc/pic32mx/4.5.2/../../../../pic32mx/lib/libmchp_peripheral_32MX795F512L.a(pcache.o)
 .debug_aranges
                0x00000128       0x20 /Applications/microchip/xc32/v1.31/bin/../lib/gcc/pic32mx/4.5.2/../../../../pic32mx/lib/libmchp_peripheral_32MX795F512L.a(int_enable_interrupts_lib.o)
 .debug_aranges
                0x00000148       0x20 /Applications/microchip/xc32/v1.31/bin/../lib/gcc/pic32mx/4.5.2/../../../../pic32mx/lib/libmchp_peripheral_32MX795F512L.a(int_disable_interrupts_lib.o)
 .debug_aranges
                0x00000168       0x20 /Applications/microchip/xc32/v1.31/bin/../lib/gcc/pic32mx/4.5.2/../../../../pic32mx/lib/libmchp_peripheral_32MX795F512L.a(int_restore_interrupts_lib.o)
 .debug_aranges
                0x00000188       0x20 /Applications/microchip/xc32/v1.31/bin/../lib/gcc/pic32mx/4.5.2/../../../../pic32mx/lib/libmchp_peripheral_32MX795F512L.a(int_enable_mv_int_lib.o)
 .debug_aranges
                0x000001a8       0x20 /Applications/microchip/xc32/v1.31/bin/../lib/gcc/pic32mx/4.5.2/../../../../pic32mx/lib/libmchp_peripheral_32MX795F512L.a(nvm_erase_page_lib.o)
 .debug_aranges
                0x000001c8       0x20 /Applications/microchip/xc32/v1.31/bin/../lib/gcc/pic32mx/4.5.2/../../../../pic32mx/lib/libmchp_peripheral_32MX795F512L.a(nvm_operation_lib.o)
 .debug_aranges
                0x000001e8       0x20 /Applications/microchip/xc32/v1.31/bin/../lib/gcc/pic32mx/4.5.2/../../../../pic32mx/lib/libmchp_peripheral_32MX795F512L.a(nvm_write_word_lib.o)
 .debug_aranges
                0x00000208       0x58 /Applications/microchip/xc32/v1.31/bin/../lib/gcc/pic32mx/4.5.2/../../../../pic32mx/lib/libmchp_peripheral_32MX795F512L.a(uart_lib.o)
 .debug_aranges
                0x00000260       0x20 /Applications/microchip/xc32/v1.31/bin/../lib/gcc/pic32mx/4.5.2/../../../../pic32mx/lib/libpic32.a(default-bootstrap-exception-handler.o)
 .debug_aranges
                0x00000280       0x20 /Applications/microchip/xc32/v1.31/bin/../lib/gcc/pic32mx/4.5.2/../../../../pic32mx/lib/libpic32.a(default-on-reset.o)
 .debug_aranges
                0x000002a0       0x20 /Applications/microchip/xc32/v1.31/bin/../lib/gcc/pic32mx/4.5.2/../../../../pic32mx/lib/libpic32.a(default-on-bootstrap.o)
 .debug_aranges
                0x000002c0       0x20 /Applications/microchip/xc32/v1.31/bin/../lib/gcc/pic32mx/4.5.2/../../../../pic32mx/lib/libpic32.a(default-general-exception-handler.o)
 .debug_aranges
                0x000002e0       0x20 /Applications/microchip/xc32/v1.31/bin/../lib/gcc/pic32mx/4.5.2/../../../../pic32mx/lib/libc.a(sprintf_cdnopuxX.eo)
 .debug_aranges
                0x00000300       0x20 /Applications/microchip/xc32/v1.31/bin/../lib/gcc/pic32mx/4.5.2/../../../../pic32mx/lib/libc.a(sprintf.o)
 .debug_aranges
                0x00000320       0x20 /Applications/microchip/xc32/v1.31/bin/../lib/gcc/pic32mx/4.5.2/../../../../pic32mx/lib/libc.a(sscanf_cdnopuxX.eo)
 .debug_aranges
                0x00000340       0x20 /Applications/microchip/xc32/v1.31/bin/../lib/gcc/pic32mx/4.5.2/../../../../pic32mx/lib/libc.a(doprnt_cdnopuxX.eo)
 .debug_aranges
                0x00000360       0x30 /Applications/microchip/xc32/v1.31/bin/../lib/gcc/pic32mx/4.5.2/../../../../pic32mx/lib/libc.a(doprnt.o)
 .debug_aranges
                0x00000390       0x30 /Applications/microchip/xc32/v1.31/bin/../lib/gcc/pic32mx/4.5.2/../../../../pic32mx/lib/libc.a(doscan_cdnopuxX.eo)
 .debug_aranges
                0x000003c0       0x20 /Applications/microchip/xc32/v1.31/bin/../lib/gcc/pic32mx/4.5.2/../../../../pic32mx/lib/libc.a(fgetc.o)
 .debug_aranges
                0x000003e0       0x20 /Applications/microchip/xc32/v1.31/bin/../lib/gcc/pic32mx/4.5.2/../../../../pic32mx/lib/libc.a(_fputc_simple.o)
 .debug_aranges
                0x00000400       0x20 /Applications/microchip/xc32/v1.31/bin/../lib/gcc/pic32mx/4.5.2/../../../../pic32mx/lib/libc.a(atoi.o)
 .debug_aranges
                0x00000420       0xa0 /Applications/microchip/xc32/v1.31/bin/../lib/gcc/pic32mx/4.5.2/../../../../pic32mx/lib/libc.a(ctypef.o)
 .debug_aranges
                0x000004c0       0x20 /Applications/microchip/xc32/v1.31/bin/../lib/gcc/pic32mx/4.5.2/../../../../pic32mx/lib/libc.a(ungetc.o)
 .debug_aranges
                0x000004e0       0x20 /Applications/microchip/xc32/v1.31/bin/../lib/gcc/pic32mx/4.5.2/../../../../pic32mx/lib/libc.a(filbuf.o)
 .debug_aranges
                0x00000500       0x20 /Applications/microchip/xc32/v1.31/bin/../lib/gcc/pic32mx/4.5.2/../../../../pic32mx/lib/libc.a(_flsbuf_simple.o)
 .debug_aranges
                0x00000520       0x20 /Applications/microchip/xc32/v1.31/bin/../lib/gcc/pic32mx/4.5.2/../../../../pic32mx/lib/libc.a(fflush.o)
 .debug_aranges
                0x00000540       0x20 /Applications/microchip/xc32/v1.31/bin/../lib/gcc/pic32mx/4.5.2/../../../../pic32mx/lib/libpic32.a(read.o)
 .debug_aranges
                0x00000560       0x20 /Applications/microchip/xc32/v1.31/bin/../lib/gcc/pic32mx/4.5.2/../../../../pic32mx/lib/libpic32.a(write.o)
 .debug_aranges
                0x00000580       0x20 /Applications/microchip/xc32/v1.31/bin/../lib/gcc/pic32mx/4.5.2/../../../../pic32mx/lib/libpic32.a(_mon_putc.o)
 .debug_aranges
                0x000005a0       0x20 /Applications/microchip/xc32/v1.31/bin/../lib/gcc/pic32mx/4.5.2/../../../../pic32mx/lib/libe.a(_floatdisf.o)
 .debug_aranges
                0x000005c0       0x20 /Applications/microchip/xc32/v1.31/bin/../lib/gcc/pic32mx/4.5.2/libgcc.a(_floatundisf.o)
 .debug_aranges
                0x000005e0       0x20 /Applications/microchip/xc32/v1.31/bin/../lib/gcc/pic32mx/4.5.2/libgcc.a(_udivdi3.o)
 .debug_aranges
                0x00000600       0x20 /Applications/microchip/xc32/v1.31/bin/../lib/gcc/pic32mx/4.5.2/libgcc.a(_umoddi3.o)
 .debug_aranges
                0x00000620       0x20 /Applications/microchip/xc32/v1.31/bin/../lib/gcc/pic32mx/4.5.2/libgcc.a(floatunsisf.o)

.debug_pubnames
                0x00000000      0xb07
 *(.debug_pubnames)
 .debug_pubnames
                0x00000000       0xc0 NU32.o
 .debug_pubnames
                0x000000c0       0xc4 core.o
 .debug_pubnames
                0x00000184       0xdc current.o
 .debug_pubnames
                0x00000260       0xfe dee_emulation_pic32.o
 .debug_pubnames
                0x0000035e       0x2a main.o
 .debug_pubnames
                0x00000388       0x2e menu.o
 .debug_pubnames
                0x000003b6       0xc6 motion.o
 .debug_pubnames
                0x0000047c       0x4f streaming.o
 .debug_pubnames
                0x000004cb       0x3b /Applications/microchip/xc32/v1.31/bin/../lib/gcc/pic32mx/4.5.2/../../../../pic32mx/lib/libmchp_peripheral_32MX795F512L.a(pcache.o)
 .debug_pubnames
                0x00000506       0x2a /Applications/microchip/xc32/v1.31/bin/../lib/gcc/pic32mx/4.5.2/../../../../pic32mx/lib/libmchp_peripheral_32MX795F512L.a(int_enable_interrupts_lib.o)
 .debug_pubnames
                0x00000530       0x2b /Applications/microchip/xc32/v1.31/bin/../lib/gcc/pic32mx/4.5.2/../../../../pic32mx/lib/libmchp_peripheral_32MX795F512L.a(int_disable_interrupts_lib.o)
 .debug_pubnames
                0x0000055b       0x2b /Applications/microchip/xc32/v1.31/bin/../lib/gcc/pic32mx/4.5.2/../../../../pic32mx/lib/libmchp_peripheral_32MX795F512L.a(int_restore_interrupts_lib.o)
 .debug_pubnames
                0x00000586       0x36 /Applications/microchip/xc32/v1.31/bin/../lib/gcc/pic32mx/4.5.2/../../../../pic32mx/lib/libmchp_peripheral_32MX795F512L.a(int_enable_mv_int_lib.o)
 .debug_pubnames
                0x000005bc       0x23 /Applications/microchip/xc32/v1.31/bin/../lib/gcc/pic32mx/4.5.2/../../../../pic32mx/lib/libmchp_peripheral_32MX795F512L.a(nvm_erase_page_lib.o)
 .debug_pubnames
                0x000005df       0x24 /Applications/microchip/xc32/v1.31/bin/../lib/gcc/pic32mx/4.5.2/../../../../pic32mx/lib/libmchp_peripheral_32MX795F512L.a(nvm_operation_lib.o)
 .debug_pubnames
                0x00000603       0x23 /Applications/microchip/xc32/v1.31/bin/../lib/gcc/pic32mx/4.5.2/../../../../pic32mx/lib/libmchp_peripheral_32MX795F512L.a(nvm_write_word_lib.o)
 .debug_pubnames
                0x00000626       0xb1 /Applications/microchip/xc32/v1.31/bin/../lib/gcc/pic32mx/4.5.2/../../../../pic32mx/lib/libmchp_peripheral_32MX795F512L.a(uart_lib.o)
 .debug_pubnames
                0x000006d7       0x33 /Applications/microchip/xc32/v1.31/bin/../lib/gcc/pic32mx/4.5.2/../../../../pic32mx/lib/libpic32.a(default-bootstrap-exception-handler.o)
 .debug_pubnames
                0x0000070a       0x20 /Applications/microchip/xc32/v1.31/bin/../lib/gcc/pic32mx/4.5.2/../../../../pic32mx/lib/libpic32.a(default-on-reset.o)
 .debug_pubnames
                0x0000072a       0x24 /Applications/microchip/xc32/v1.31/bin/../lib/gcc/pic32mx/4.5.2/../../../../pic32mx/lib/libpic32.a(default-on-bootstrap.o)
 .debug_pubnames
                0x0000074e       0x31 /Applications/microchip/xc32/v1.31/bin/../lib/gcc/pic32mx/4.5.2/../../../../pic32mx/lib/libpic32.a(default-general-exception-handler.o)
 .debug_pubnames
                0x0000077f       0x28 /Applications/microchip/xc32/v1.31/bin/../lib/gcc/pic32mx/4.5.2/../../../../pic32mx/lib/libc.a(sprintf_cdnopuxX.eo)
 .debug_pubnames
                0x000007a7       0x1e /Applications/microchip/xc32/v1.31/bin/../lib/gcc/pic32mx/4.5.2/../../../../pic32mx/lib/libc.a(sprintf.o)
 .debug_pubnames
                0x000007c5       0x27 /Applications/microchip/xc32/v1.31/bin/../lib/gcc/pic32mx/4.5.2/../../../../pic32mx/lib/libc.a(sscanf_cdnopuxX.eo)
 .debug_pubnames
                0x000007ec       0x29 /Applications/microchip/xc32/v1.31/bin/../lib/gcc/pic32mx/4.5.2/../../../../pic32mx/lib/libc.a(doprnt_cdnopuxX.eo)
 .debug_pubnames
                0x00000815       0x1f /Applications/microchip/xc32/v1.31/bin/../lib/gcc/pic32mx/4.5.2/../../../../pic32mx/lib/libc.a(doprnt.o)
 .debug_pubnames
                0x00000834       0x28 /Applications/microchip/xc32/v1.31/bin/../lib/gcc/pic32mx/4.5.2/../../../../pic32mx/lib/libc.a(doscan_cdnopuxX.eo)
 .debug_pubnames
                0x0000085c       0x1c /Applications/microchip/xc32/v1.31/bin/../lib/gcc/pic32mx/4.5.2/../../../../pic32mx/lib/libc.a(fgetc.o)
 .debug_pubnames
                0x00000878       0x1c /Applications/microchip/xc32/v1.31/bin/../lib/gcc/pic32mx/4.5.2/../../../../pic32mx/lib/libc.a(_fputc_simple.o)
 .debug_pubnames
                0x00000894       0x1b /Applications/microchip/xc32/v1.31/bin/../lib/gcc/pic32mx/4.5.2/../../../../pic32mx/lib/libc.a(atoi.o)
 .debug_pubnames
                0x000008af       0xe1 /Applications/microchip/xc32/v1.31/bin/../lib/gcc/pic32mx/4.5.2/../../../../pic32mx/lib/libc.a(ctypef.o)
 .debug_pubnames
                0x00000990       0x1d /Applications/microchip/xc32/v1.31/bin/../lib/gcc/pic32mx/4.5.2/../../../../pic32mx/lib/libc.a(ungetc.o)
 .debug_pubnames
                0x000009ad       0x1e /Applications/microchip/xc32/v1.31/bin/../lib/gcc/pic32mx/4.5.2/../../../../pic32mx/lib/libc.a(filbuf.o)
 .debug_pubnames
                0x000009cb       0x1e /Applications/microchip/xc32/v1.31/bin/../lib/gcc/pic32mx/4.5.2/../../../../pic32mx/lib/libc.a(_flsbuf_simple.o)
 .debug_pubnames
                0x000009e9       0x1d /Applications/microchip/xc32/v1.31/bin/../lib/gcc/pic32mx/4.5.2/../../../../pic32mx/lib/libc.a(fflush.o)
 .debug_pubnames
                0x00000a06       0x1b /Applications/microchip/xc32/v1.31/bin/../lib/gcc/pic32mx/4.5.2/../../../../pic32mx/lib/libpic32.a(read.o)
 .debug_pubnames
                0x00000a21       0x1c /Applications/microchip/xc32/v1.31/bin/../lib/gcc/pic32mx/4.5.2/../../../../pic32mx/lib/libpic32.a(write.o)
 .debug_pubnames
                0x00000a3d       0x20 /Applications/microchip/xc32/v1.31/bin/../lib/gcc/pic32mx/4.5.2/../../../../pic32mx/lib/libpic32.a(_mon_putc.o)
 .debug_pubnames
                0x00000a5d       0x22 /Applications/microchip/xc32/v1.31/bin/../lib/gcc/pic32mx/4.5.2/../../../../pic32mx/lib/libe.a(_floatdisf.o)
 .debug_pubnames
                0x00000a7f       0x24 /Applications/microchip/xc32/v1.31/bin/../lib/gcc/pic32mx/4.5.2/libgcc.a(_floatundisf.o)
 .debug_pubnames
                0x00000aa3       0x20 /Applications/microchip/xc32/v1.31/bin/../lib/gcc/pic32mx/4.5.2/libgcc.a(_udivdi3.o)
 .debug_pubnames
                0x00000ac3       0x20 /Applications/microchip/xc32/v1.31/bin/../lib/gcc/pic32mx/4.5.2/libgcc.a(_umoddi3.o)
 .debug_pubnames
                0x00000ae3       0x24 /Applications/microchip/xc32/v1.31/bin/../lib/gcc/pic32mx/4.5.2/libgcc.a(floatunsisf.o)

.debug_info     0x00000000    0x10ba5
 *(.debug_info .gnu.linkonce.wi.*)
 .debug_info    0x00000000     0x29ee NU32.o
 .debug_info    0x000029ee     0x1b53 core.o
 .debug_info    0x00004541     0x276d current.o
 .debug_info    0x00006cae     0x194d dee_emulation_pic32.o
 .debug_info    0x000085fb     0x114d main.o
 .debug_info    0x00009748     0x13db menu.o
 .debug_info    0x0000ab23     0x222f motion.o
 .debug_info    0x0000cd52     0x12b8 streaming.o
 .debug_info    0x0000e00a       0xbf /Applications/microchip/xc32/v1.31/bin/../lib/gcc/pic32mx/4.5.2/../../../../pic32mx/lib/libmchp_peripheral_32MX795F512L.a(pcache.o)
 .debug_info    0x0000e0c9       0xb4 /Applications/microchip/xc32/v1.31/bin/../lib/gcc/pic32mx/4.5.2/../../../../pic32mx/lib/libmchp_peripheral_32MX795F512L.a(int_enable_interrupts_lib.o)
 .debug_info    0x0000e17d       0xb6 /Applications/microchip/xc32/v1.31/bin/../lib/gcc/pic32mx/4.5.2/../../../../pic32mx/lib/libmchp_peripheral_32MX795F512L.a(int_disable_interrupts_lib.o)
 .debug_info    0x0000e233       0xb6 /Applications/microchip/xc32/v1.31/bin/../lib/gcc/pic32mx/4.5.2/../../../../pic32mx/lib/libmchp_peripheral_32MX795F512L.a(int_restore_interrupts_lib.o)
 .debug_info    0x0000e2e9       0xbc /Applications/microchip/xc32/v1.31/bin/../lib/gcc/pic32mx/4.5.2/../../../../pic32mx/lib/libmchp_peripheral_32MX795F512L.a(int_enable_mv_int_lib.o)
 .debug_info    0x0000e3a5       0xa6 /Applications/microchip/xc32/v1.31/bin/../lib/gcc/pic32mx/4.5.2/../../../../pic32mx/lib/libmchp_peripheral_32MX795F512L.a(nvm_erase_page_lib.o)
 .debug_info    0x0000e44b       0xc7 /Applications/microchip/xc32/v1.31/bin/../lib/gcc/pic32mx/4.5.2/../../../../pic32mx/lib/libmchp_peripheral_32MX795F512L.a(nvm_operation_lib.o)
 .debug_info    0x0000e512       0xa6 /Applications/microchip/xc32/v1.31/bin/../lib/gcc/pic32mx/4.5.2/../../../../pic32mx/lib/libmchp_peripheral_32MX795F512L.a(nvm_write_word_lib.o)
 .debug_info    0x0000e5b8      0x175 /Applications/microchip/xc32/v1.31/bin/../lib/gcc/pic32mx/4.5.2/../../../../pic32mx/lib/libmchp_peripheral_32MX795F512L.a(uart_lib.o)
 .debug_info    0x0000e72d       0xde /Applications/microchip/xc32/v1.31/bin/../lib/gcc/pic32mx/4.5.2/../../../../pic32mx/lib/libpic32.a(default-bootstrap-exception-handler.o)
 .debug_info    0x0000e80b       0xb8 /Applications/microchip/xc32/v1.31/bin/../lib/gcc/pic32mx/4.5.2/../../../../pic32mx/lib/libpic32.a(default-on-reset.o)
 .debug_info    0x0000e8c3       0xc0 /Applications/microchip/xc32/v1.31/bin/../lib/gcc/pic32mx/4.5.2/../../../../pic32mx/lib/libpic32.a(default-on-bootstrap.o)
 .debug_info    0x0000e983       0xda /Applications/microchip/xc32/v1.31/bin/../lib/gcc/pic32mx/4.5.2/../../../../pic32mx/lib/libpic32.a(default-general-exception-handler.o)
 .debug_info    0x0000ea5d       0xbd /Applications/microchip/xc32/v1.31/bin/../lib/gcc/pic32mx/4.5.2/../../../../pic32mx/lib/libc.a(sprintf_cdnopuxX.eo)
 .debug_info    0x0000eb1a       0xb3 /Applications/microchip/xc32/v1.31/bin/../lib/gcc/pic32mx/4.5.2/../../../../pic32mx/lib/libc.a(sprintf.o)
 .debug_info    0x0000ebcd       0xbb /Applications/microchip/xc32/v1.31/bin/../lib/gcc/pic32mx/4.5.2/../../../../pic32mx/lib/libc.a(sscanf_cdnopuxX.eo)
 .debug_info    0x0000ec88       0xbe /Applications/microchip/xc32/v1.31/bin/../lib/gcc/pic32mx/4.5.2/../../../../pic32mx/lib/libc.a(doprnt_cdnopuxX.eo)
 .debug_info    0x0000ed46       0xdd /Applications/microchip/xc32/v1.31/bin/../lib/gcc/pic32mx/4.5.2/../../../../pic32mx/lib/libc.a(doprnt.o)
 .debug_info    0x0000ee23       0xe3 /Applications/microchip/xc32/v1.31/bin/../lib/gcc/pic32mx/4.5.2/../../../../pic32mx/lib/libc.a(doscan_cdnopuxX.eo)
 .debug_info    0x0000ef06       0xaf /Applications/microchip/xc32/v1.31/bin/../lib/gcc/pic32mx/4.5.2/../../../../pic32mx/lib/libc.a(fgetc.o)
 .debug_info    0x0000efb5       0xaf /Applications/microchip/xc32/v1.31/bin/../lib/gcc/pic32mx/4.5.2/../../../../pic32mx/lib/libc.a(_fputc_simple.o)
 .debug_info    0x0000f064       0xad /Applications/microchip/xc32/v1.31/bin/../lib/gcc/pic32mx/4.5.2/../../../../pic32mx/lib/libc.a(atoi.o)
 .debug_info    0x0000f111        0x0 /Applications/microchip/xc32/v1.31/bin/../lib/gcc/pic32mx/4.5.2/../../../../pic32mx/lib/libc.a(ctype.o)
 .debug_info    0x0000f111      0x215 /Applications/microchip/xc32/v1.31/bin/../lib/gcc/pic32mx/4.5.2/../../../../pic32mx/lib/libc.a(ctypef.o)
 .debug_info    0x0000f326        0x0 /Applications/microchip/xc32/v1.31/bin/../lib/gcc/pic32mx/4.5.2/../../../../pic32mx/lib/libc.a(powersf.o)
 .debug_info    0x0000f326       0xb1 /Applications/microchip/xc32/v1.31/bin/../lib/gcc/pic32mx/4.5.2/../../../../pic32mx/lib/libc.a(ungetc.o)
 .debug_info    0x0000f3d7        0x0 /Applications/microchip/xc32/v1.31/bin/../lib/gcc/pic32mx/4.5.2/../../../../pic32mx/lib/libc.a(_iob.o)
 .debug_info    0x0000f3d7       0xb2 /Applications/microchip/xc32/v1.31/bin/../lib/gcc/pic32mx/4.5.2/../../../../pic32mx/lib/libc.a(filbuf.o)
 .debug_info    0x0000f489       0xb2 /Applications/microchip/xc32/v1.31/bin/../lib/gcc/pic32mx/4.5.2/../../../../pic32mx/lib/libc.a(_flsbuf_simple.o)
 .debug_info    0x0000f53b       0xb1 /Applications/microchip/xc32/v1.31/bin/../lib/gcc/pic32mx/4.5.2/../../../../pic32mx/lib/libc.a(fflush.o)
 .debug_info    0x0000f5ec       0xa7 /Applications/microchip/xc32/v1.31/bin/../lib/gcc/pic32mx/4.5.2/../../../../pic32mx/lib/libpic32.a(read.o)
 .debug_info    0x0000f693       0xa9 /Applications/microchip/xc32/v1.31/bin/../lib/gcc/pic32mx/4.5.2/../../../../pic32mx/lib/libpic32.a(write.o)
 .debug_info    0x0000f73c        0x0 /Applications/microchip/xc32/v1.31/bin/../lib/gcc/pic32mx/4.5.2/../../../../pic32mx/lib/libpic32.a(xc32_uart.o)
 .debug_info    0x0000f73c       0xb1 /Applications/microchip/xc32/v1.31/bin/../lib/gcc/pic32mx/4.5.2/../../../../pic32mx/lib/libpic32.a(_mon_putc.o)
 .debug_info    0x0000f7ed       0xc7 /Applications/microchip/xc32/v1.31/bin/../lib/gcc/pic32mx/4.5.2/../../../../pic32mx/lib/libe.a(_floatdisf.o)
 .debug_info    0x0000f8b4      0x2a0 /Applications/microchip/xc32/v1.31/bin/../lib/gcc/pic32mx/4.5.2/libgcc.a(_floatundisf.o)
 .debug_info    0x0000fb54      0x760 /Applications/microchip/xc32/v1.31/bin/../lib/gcc/pic32mx/4.5.2/libgcc.a(_udivdi3.o)
 .debug_info    0x000102b4      0x799 /Applications/microchip/xc32/v1.31/bin/../lib/gcc/pic32mx/4.5.2/libgcc.a(_umoddi3.o)
 .debug_info    0x00010a4d      0x158 /Applications/microchip/xc32/v1.31/bin/../lib/gcc/pic32mx/4.5.2/libgcc.a(floatunsisf.o)

.debug_abbrev   0x00000000     0x199e
 *(.debug_abbrev)
 .debug_abbrev  0x00000000      0x2ef NU32.o
 .debug_abbrev  0x000002ef      0x26f core.o
 .debug_abbrev  0x0000055e      0x283 current.o
 .debug_abbrev  0x000007e1      0x256 dee_emulation_pic32.o
 .debug_abbrev  0x00000a37      0x18c main.o
 .debug_abbrev  0x00000bc3      0x227 menu.o
 .debug_abbrev  0x00000dea      0x20f motion.o
 .debug_abbrev  0x00000ff9      0x1ad streaming.o
 .debug_abbrev  0x000011a6       0x25 /Applications/microchip/xc32/v1.31/bin/../lib/gcc/pic32mx/4.5.2/../../../../pic32mx/lib/libmchp_peripheral_32MX795F512L.a(pcache.o)
 .debug_abbrev  0x000011cb       0x25 /Applications/microchip/xc32/v1.31/bin/../lib/gcc/pic32mx/4.5.2/../../../../pic32mx/lib/libmchp_peripheral_32MX795F512L.a(int_enable_interrupts_lib.o)
 .debug_abbrev  0x000011f0       0x25 /Applications/microchip/xc32/v1.31/bin/../lib/gcc/pic32mx/4.5.2/../../../../pic32mx/lib/libmchp_peripheral_32MX795F512L.a(int_disable_interrupts_lib.o)
 .debug_abbrev  0x00001215       0x25 /Applications/microchip/xc32/v1.31/bin/../lib/gcc/pic32mx/4.5.2/../../../../pic32mx/lib/libmchp_peripheral_32MX795F512L.a(int_restore_interrupts_lib.o)
 .debug_abbrev  0x0000123a       0x25 /Applications/microchip/xc32/v1.31/bin/../lib/gcc/pic32mx/4.5.2/../../../../pic32mx/lib/libmchp_peripheral_32MX795F512L.a(int_enable_mv_int_lib.o)
 .debug_abbrev  0x0000125f       0x25 /Applications/microchip/xc32/v1.31/bin/../lib/gcc/pic32mx/4.5.2/../../../../pic32mx/lib/libmchp_peripheral_32MX795F512L.a(nvm_erase_page_lib.o)
 .debug_abbrev  0x00001284       0x34 /Applications/microchip/xc32/v1.31/bin/../lib/gcc/pic32mx/4.5.2/../../../../pic32mx/lib/libmchp_peripheral_32MX795F512L.a(nvm_operation_lib.o)
 .debug_abbrev  0x000012b8       0x25 /Applications/microchip/xc32/v1.31/bin/../lib/gcc/pic32mx/4.5.2/../../../../pic32mx/lib/libmchp_peripheral_32MX795F512L.a(nvm_write_word_lib.o)
 .debug_abbrev  0x000012dd       0x38 /Applications/microchip/xc32/v1.31/bin/../lib/gcc/pic32mx/4.5.2/../../../../pic32mx/lib/libmchp_peripheral_32MX795F512L.a(uart_lib.o)
 .debug_abbrev  0x00001315       0x23 /Applications/microchip/xc32/v1.31/bin/../lib/gcc/pic32mx/4.5.2/../../../../pic32mx/lib/libpic32.a(default-bootstrap-exception-handler.o)
 .debug_abbrev  0x00001338       0x23 /Applications/microchip/xc32/v1.31/bin/../lib/gcc/pic32mx/4.5.2/../../../../pic32mx/lib/libpic32.a(default-on-reset.o)
 .debug_abbrev  0x0000135b       0x23 /Applications/microchip/xc32/v1.31/bin/../lib/gcc/pic32mx/4.5.2/../../../../pic32mx/lib/libpic32.a(default-on-bootstrap.o)
 .debug_abbrev  0x0000137e       0x23 /Applications/microchip/xc32/v1.31/bin/../lib/gcc/pic32mx/4.5.2/../../../../pic32mx/lib/libpic32.a(default-general-exception-handler.o)
 .debug_abbrev  0x000013a1       0x23 /Applications/microchip/xc32/v1.31/bin/../lib/gcc/pic32mx/4.5.2/../../../../pic32mx/lib/libc.a(sprintf_cdnopuxX.eo)
 .debug_abbrev  0x000013c4       0x23 /Applications/microchip/xc32/v1.31/bin/../lib/gcc/pic32mx/4.5.2/../../../../pic32mx/lib/libc.a(sprintf.o)
 .debug_abbrev  0x000013e7       0x23 /Applications/microchip/xc32/v1.31/bin/../lib/gcc/pic32mx/4.5.2/../../../../pic32mx/lib/libc.a(sscanf_cdnopuxX.eo)
 .debug_abbrev  0x0000140a       0x23 /Applications/microchip/xc32/v1.31/bin/../lib/gcc/pic32mx/4.5.2/../../../../pic32mx/lib/libc.a(doprnt_cdnopuxX.eo)
 .debug_abbrev  0x0000142d       0x34 /Applications/microchip/xc32/v1.31/bin/../lib/gcc/pic32mx/4.5.2/../../../../pic32mx/lib/libc.a(doprnt.o)
 .debug_abbrev  0x00001461       0x34 /Applications/microchip/xc32/v1.31/bin/../lib/gcc/pic32mx/4.5.2/../../../../pic32mx/lib/libc.a(doscan_cdnopuxX.eo)
 .debug_abbrev  0x00001495       0x23 /Applications/microchip/xc32/v1.31/bin/../lib/gcc/pic32mx/4.5.2/../../../../pic32mx/lib/libc.a(fgetc.o)
 .debug_abbrev  0x000014b8       0x23 /Applications/microchip/xc32/v1.31/bin/../lib/gcc/pic32mx/4.5.2/../../../../pic32mx/lib/libc.a(_fputc_simple.o)
 .debug_abbrev  0x000014db       0x23 /Applications/microchip/xc32/v1.31/bin/../lib/gcc/pic32mx/4.5.2/../../../../pic32mx/lib/libc.a(atoi.o)
 .debug_abbrev  0x000014fe        0x1 /Applications/microchip/xc32/v1.31/bin/../lib/gcc/pic32mx/4.5.2/../../../../pic32mx/lib/libc.a(ctype.o)
 .debug_abbrev  0x000014ff       0x23 /Applications/microchip/xc32/v1.31/bin/../lib/gcc/pic32mx/4.5.2/../../../../pic32mx/lib/libc.a(ctypef.o)
 .debug_abbrev  0x00001522        0x1 /Applications/microchip/xc32/v1.31/bin/../lib/gcc/pic32mx/4.5.2/../../../../pic32mx/lib/libc.a(powersf.o)
 .debug_abbrev  0x00001523       0x23 /Applications/microchip/xc32/v1.31/bin/../lib/gcc/pic32mx/4.5.2/../../../../pic32mx/lib/libc.a(ungetc.o)
 .debug_abbrev  0x00001546        0x1 /Applications/microchip/xc32/v1.31/bin/../lib/gcc/pic32mx/4.5.2/../../../../pic32mx/lib/libc.a(_iob.o)
 .debug_abbrev  0x00001547       0x23 /Applications/microchip/xc32/v1.31/bin/../lib/gcc/pic32mx/4.5.2/../../../../pic32mx/lib/libc.a(filbuf.o)
 .debug_abbrev  0x0000156a       0x23 /Applications/microchip/xc32/v1.31/bin/../lib/gcc/pic32mx/4.5.2/../../../../pic32mx/lib/libc.a(_flsbuf_simple.o)
 .debug_abbrev  0x0000158d       0x23 /Applications/microchip/xc32/v1.31/bin/../lib/gcc/pic32mx/4.5.2/../../../../pic32mx/lib/libc.a(fflush.o)
 .debug_abbrev  0x000015b0       0x23 /Applications/microchip/xc32/v1.31/bin/../lib/gcc/pic32mx/4.5.2/../../../../pic32mx/lib/libpic32.a(read.o)
 .debug_abbrev  0x000015d3       0x23 /Applications/microchip/xc32/v1.31/bin/../lib/gcc/pic32mx/4.5.2/../../../../pic32mx/lib/libpic32.a(write.o)
 .debug_abbrev  0x000015f6        0x1 /Applications/microchip/xc32/v1.31/bin/../lib/gcc/pic32mx/4.5.2/../../../../pic32mx/lib/libpic32.a(xc32_uart.o)
 .debug_abbrev  0x000015f7       0x23 /Applications/microchip/xc32/v1.31/bin/../lib/gcc/pic32mx/4.5.2/../../../../pic32mx/lib/libpic32.a(_mon_putc.o)
 .debug_abbrev  0x0000161a       0x30 /Applications/microchip/xc32/v1.31/bin/../lib/gcc/pic32mx/4.5.2/../../../../pic32mx/lib/libe.a(_floatdisf.o)
 .debug_abbrev  0x0000164a       0x79 /Applications/microchip/xc32/v1.31/bin/../lib/gcc/pic32mx/4.5.2/libgcc.a(_floatundisf.o)
 .debug_abbrev  0x000016c3      0x132 /Applications/microchip/xc32/v1.31/bin/../lib/gcc/pic32mx/4.5.2/libgcc.a(_udivdi3.o)
 .debug_abbrev  0x000017f5      0x148 /Applications/microchip/xc32/v1.31/bin/../lib/gcc/pic32mx/4.5.2/libgcc.a(_umoddi3.o)
 .debug_abbrev  0x0000193d       0x61 /Applications/microchip/xc32/v1.31/bin/../lib/gcc/pic32mx/4.5.2/libgcc.a(floatunsisf.o)

.debug_line     0x00000000     0x2389
 *(.debug_line)
 .debug_line    0x00000000      0x27d NU32.o
 .debug_line    0x0000027d      0x1b6 core.o
 .debug_line    0x00000433      0x23b current.o
 .debug_line    0x0000066e      0x3ab dee_emulation_pic32.o
 .debug_line    0x00000a19      0x13f main.o
 .debug_line    0x00000b58      0x23a menu.o
 .debug_line    0x00000d92      0x1d6 motion.o
 .debug_line    0x00000f68      0x166 streaming.o
 .debug_line    0x000010ce       0x62 /Applications/microchip/xc32/v1.31/bin/../lib/gcc/pic32mx/4.5.2/../../../../pic32mx/lib/libmchp_peripheral_32MX795F512L.a(pcache.o)
 .debug_line    0x00001130       0x72 /Applications/microchip/xc32/v1.31/bin/../lib/gcc/pic32mx/4.5.2/../../../../pic32mx/lib/libmchp_peripheral_32MX795F512L.a(int_enable_interrupts_lib.o)
 .debug_line    0x000011a2       0x73 /Applications/microchip/xc32/v1.31/bin/../lib/gcc/pic32mx/4.5.2/../../../../pic32mx/lib/libmchp_peripheral_32MX795F512L.a(int_disable_interrupts_lib.o)
 .debug_line    0x00001215       0x73 /Applications/microchip/xc32/v1.31/bin/../lib/gcc/pic32mx/4.5.2/../../../../pic32mx/lib/libmchp_peripheral_32MX795F512L.a(int_restore_interrupts_lib.o)
 .debug_line    0x00001288       0x6e /Applications/microchip/xc32/v1.31/bin/../lib/gcc/pic32mx/4.5.2/../../../../pic32mx/lib/libmchp_peripheral_32MX795F512L.a(int_enable_mv_int_lib.o)
 .debug_line    0x000012f6       0x6b /Applications/microchip/xc32/v1.31/bin/../lib/gcc/pic32mx/4.5.2/../../../../pic32mx/lib/libmchp_peripheral_32MX795F512L.a(nvm_erase_page_lib.o)
 .debug_line    0x00001361       0xc0 /Applications/microchip/xc32/v1.31/bin/../lib/gcc/pic32mx/4.5.2/../../../../pic32mx/lib/libmchp_peripheral_32MX795F512L.a(nvm_operation_lib.o)
 .debug_line    0x00001421       0x6b /Applications/microchip/xc32/v1.31/bin/../lib/gcc/pic32mx/4.5.2/../../../../pic32mx/lib/libmchp_peripheral_32MX795F512L.a(nvm_write_word_lib.o)
 .debug_line    0x0000148c       0x62 /Applications/microchip/xc32/v1.31/bin/../lib/gcc/pic32mx/4.5.2/../../../../pic32mx/lib/libmchp_peripheral_32MX795F512L.a(uart_lib.o)
 .debug_line    0x000014ee       0x97 /Applications/microchip/xc32/v1.31/bin/../lib/gcc/pic32mx/4.5.2/../../../../pic32mx/lib/libpic32.a(default-bootstrap-exception-handler.o)
 .debug_line    0x00001585       0x84 /Applications/microchip/xc32/v1.31/bin/../lib/gcc/pic32mx/4.5.2/../../../../pic32mx/lib/libpic32.a(default-on-reset.o)
 .debug_line    0x00001609       0x88 /Applications/microchip/xc32/v1.31/bin/../lib/gcc/pic32mx/4.5.2/../../../../pic32mx/lib/libpic32.a(default-on-bootstrap.o)
 .debug_line    0x00001691       0x95 /Applications/microchip/xc32/v1.31/bin/../lib/gcc/pic32mx/4.5.2/../../../../pic32mx/lib/libpic32.a(default-general-exception-handler.o)
 .debug_line    0x00001726       0x71 /Applications/microchip/xc32/v1.31/bin/../lib/gcc/pic32mx/4.5.2/../../../../pic32mx/lib/libc.a(sprintf_cdnopuxX.eo)
 .debug_line    0x00001797       0x71 /Applications/microchip/xc32/v1.31/bin/../lib/gcc/pic32mx/4.5.2/../../../../pic32mx/lib/libc.a(sprintf.o)
 .debug_line    0x00001808       0x70 /Applications/microchip/xc32/v1.31/bin/../lib/gcc/pic32mx/4.5.2/../../../../pic32mx/lib/libc.a(sscanf_cdnopuxX.eo)
 .debug_line    0x00001878       0x70 /Applications/microchip/xc32/v1.31/bin/../lib/gcc/pic32mx/4.5.2/../../../../pic32mx/lib/libc.a(doprnt_cdnopuxX.eo)
 .debug_line    0x000018e8       0x70 /Applications/microchip/xc32/v1.31/bin/../lib/gcc/pic32mx/4.5.2/../../../../pic32mx/lib/libc.a(doprnt.o)
 .debug_line    0x00001958       0x70 /Applications/microchip/xc32/v1.31/bin/../lib/gcc/pic32mx/4.5.2/../../../../pic32mx/lib/libc.a(doscan_cdnopuxX.eo)
 .debug_line    0x000019c8       0x6f /Applications/microchip/xc32/v1.31/bin/../lib/gcc/pic32mx/4.5.2/../../../../pic32mx/lib/libc.a(fgetc.o)
 .debug_line    0x00001a37       0x6f /Applications/microchip/xc32/v1.31/bin/../lib/gcc/pic32mx/4.5.2/../../../../pic32mx/lib/libc.a(_fputc_simple.o)
 .debug_line    0x00001aa6       0x6e /Applications/microchip/xc32/v1.31/bin/../lib/gcc/pic32mx/4.5.2/../../../../pic32mx/lib/libc.a(atoi.o)
 .debug_line    0x00001b14        0x0 /Applications/microchip/xc32/v1.31/bin/../lib/gcc/pic32mx/4.5.2/../../../../pic32mx/lib/libc.a(ctype.o)
 .debug_line    0x00001b14       0x70 /Applications/microchip/xc32/v1.31/bin/../lib/gcc/pic32mx/4.5.2/../../../../pic32mx/lib/libc.a(ctypef.o)
 .debug_line    0x00001b84        0x0 /Applications/microchip/xc32/v1.31/bin/../lib/gcc/pic32mx/4.5.2/../../../../pic32mx/lib/libc.a(powersf.o)
 .debug_line    0x00001b84       0x70 /Applications/microchip/xc32/v1.31/bin/../lib/gcc/pic32mx/4.5.2/../../../../pic32mx/lib/libc.a(ungetc.o)
 .debug_line    0x00001bf4        0x0 /Applications/microchip/xc32/v1.31/bin/../lib/gcc/pic32mx/4.5.2/../../../../pic32mx/lib/libc.a(_iob.o)
 .debug_line    0x00001bf4       0x70 /Applications/microchip/xc32/v1.31/bin/../lib/gcc/pic32mx/4.5.2/../../../../pic32mx/lib/libc.a(filbuf.o)
 .debug_line    0x00001c64       0x70 /Applications/microchip/xc32/v1.31/bin/../lib/gcc/pic32mx/4.5.2/../../../../pic32mx/lib/libc.a(_flsbuf_simple.o)
 .debug_line    0x00001cd4       0x70 /Applications/microchip/xc32/v1.31/bin/../lib/gcc/pic32mx/4.5.2/../../../../pic32mx/lib/libc.a(fflush.o)
 .debug_line    0x00001d44       0x78 /Applications/microchip/xc32/v1.31/bin/../lib/gcc/pic32mx/4.5.2/../../../../pic32mx/lib/libpic32.a(read.o)
 .debug_line    0x00001dbc       0x79 /Applications/microchip/xc32/v1.31/bin/../lib/gcc/pic32mx/4.5.2/../../../../pic32mx/lib/libpic32.a(write.o)
 .debug_line    0x00001e35        0x0 /Applications/microchip/xc32/v1.31/bin/../lib/gcc/pic32mx/4.5.2/../../../../pic32mx/lib/libpic32.a(xc32_uart.o)
 .debug_line    0x00001e35       0x7d /Applications/microchip/xc32/v1.31/bin/../lib/gcc/pic32mx/4.5.2/../../../../pic32mx/lib/libpic32.a(_mon_putc.o)
 .debug_line    0x00001eb2       0x93 /Applications/microchip/xc32/v1.31/bin/../lib/gcc/pic32mx/4.5.2/../../../../pic32mx/lib/libe.a(_floatdisf.o)
 .debug_line    0x00001f45      0x105 /Applications/microchip/xc32/v1.31/bin/../lib/gcc/pic32mx/4.5.2/libgcc.a(_floatundisf.o)
 .debug_line    0x0000204a      0x158 /Applications/microchip/xc32/v1.31/bin/../lib/gcc/pic32mx/4.5.2/libgcc.a(_udivdi3.o)
 .debug_line    0x000021a2      0x159 /Applications/microchip/xc32/v1.31/bin/../lib/gcc/pic32mx/4.5.2/libgcc.a(_umoddi3.o)
 .debug_line    0x000022fb       0x8e /Applications/microchip/xc32/v1.31/bin/../lib/gcc/pic32mx/4.5.2/libgcc.a(floatunsisf.o)

.debug_frame    0x00000000      0xe14
 *(.debug_frame)
 .debug_frame   0x00000000       0xd4 NU32.o
 .debug_frame   0x000000d4      0x144 core.o
 .debug_frame   0x00000218      0x130 current.o
 .debug_frame   0x00000348      0x148 dee_emulation_pic32.o
 .debug_frame   0x00000490       0x2c main.o
 .debug_frame   0x000004bc       0x9c menu.o
 .debug_frame   0x00000558      0x100 motion.o
 .debug_frame   0x00000658       0x64 streaming.o
 .debug_frame   0x000006bc       0x30 /Applications/microchip/xc32/v1.31/bin/../lib/gcc/pic32mx/4.5.2/../../../../pic32mx/lib/libmchp_peripheral_32MX795F512L.a(pcache.o)
 .debug_frame   0x000006ec       0x20 /Applications/microchip/xc32/v1.31/bin/../lib/gcc/pic32mx/4.5.2/../../../../pic32mx/lib/libmchp_peripheral_32MX795F512L.a(int_enable_interrupts_lib.o)
 .debug_frame   0x0000070c       0x20 /Applications/microchip/xc32/v1.31/bin/../lib/gcc/pic32mx/4.5.2/../../../../pic32mx/lib/libmchp_peripheral_32MX795F512L.a(int_disable_interrupts_lib.o)
 .debug_frame   0x0000072c       0x20 /Applications/microchip/xc32/v1.31/bin/../lib/gcc/pic32mx/4.5.2/../../../../pic32mx/lib/libmchp_peripheral_32MX795F512L.a(int_restore_interrupts_lib.o)
 .debug_frame   0x0000074c       0x28 /Applications/microchip/xc32/v1.31/bin/../lib/gcc/pic32mx/4.5.2/../../../../pic32mx/lib/libmchp_peripheral_32MX795F512L.a(int_enable_mv_int_lib.o)
 .debug_frame   0x00000774       0x28 /Applications/microchip/xc32/v1.31/bin/../lib/gcc/pic32mx/4.5.2/../../../../pic32mx/lib/libmchp_peripheral_32MX795F512L.a(nvm_erase_page_lib.o)
 .debug_frame   0x0000079c       0x28 /Applications/microchip/xc32/v1.31/bin/../lib/gcc/pic32mx/4.5.2/../../../../pic32mx/lib/libmchp_peripheral_32MX795F512L.a(nvm_operation_lib.o)
 .debug_frame   0x000007c4       0x28 /Applications/microchip/xc32/v1.31/bin/../lib/gcc/pic32mx/4.5.2/../../../../pic32mx/lib/libmchp_peripheral_32MX795F512L.a(nvm_write_word_lib.o)
 .debug_frame   0x000007ec       0x90 /Applications/microchip/xc32/v1.31/bin/../lib/gcc/pic32mx/4.5.2/../../../../pic32mx/lib/libmchp_peripheral_32MX795F512L.a(uart_lib.o)
 .debug_frame   0x0000087c       0x28 /Applications/microchip/xc32/v1.31/bin/../lib/gcc/pic32mx/4.5.2/../../../../pic32mx/lib/libpic32.a(default-bootstrap-exception-handler.o)
 .debug_frame   0x000008a4       0x20 /Applications/microchip/xc32/v1.31/bin/../lib/gcc/pic32mx/4.5.2/../../../../pic32mx/lib/libpic32.a(default-on-reset.o)
 .debug_frame   0x000008c4       0x20 /Applications/microchip/xc32/v1.31/bin/../lib/gcc/pic32mx/4.5.2/../../../../pic32mx/lib/libpic32.a(default-on-bootstrap.o)
 .debug_frame   0x000008e4       0x28 /Applications/microchip/xc32/v1.31/bin/../lib/gcc/pic32mx/4.5.2/../../../../pic32mx/lib/libpic32.a(default-general-exception-handler.o)
 .debug_frame   0x0000090c       0x2c /Applications/microchip/xc32/v1.31/bin/../lib/gcc/pic32mx/4.5.2/../../../../pic32mx/lib/libc.a(sprintf_cdnopuxX.eo)
 .debug_frame   0x00000938       0x2c /Applications/microchip/xc32/v1.31/bin/../lib/gcc/pic32mx/4.5.2/../../../../pic32mx/lib/libc.a(sprintf.o)
 .debug_frame   0x00000964       0x28 /Applications/microchip/xc32/v1.31/bin/../lib/gcc/pic32mx/4.5.2/../../../../pic32mx/lib/libc.a(sscanf_cdnopuxX.eo)
 .debug_frame   0x0000098c       0x38 /Applications/microchip/xc32/v1.31/bin/../lib/gcc/pic32mx/4.5.2/../../../../pic32mx/lib/libc.a(doprnt_cdnopuxX.eo)
 .debug_frame   0x000009c4       0x74 /Applications/microchip/xc32/v1.31/bin/../lib/gcc/pic32mx/4.5.2/../../../../pic32mx/lib/libc.a(doprnt.o)
 .debug_frame   0x00000a38       0x74 /Applications/microchip/xc32/v1.31/bin/../lib/gcc/pic32mx/4.5.2/../../../../pic32mx/lib/libc.a(doscan_cdnopuxX.eo)
 .debug_frame   0x00000aac       0x30 /Applications/microchip/xc32/v1.31/bin/../lib/gcc/pic32mx/4.5.2/../../../../pic32mx/lib/libc.a(fgetc.o)
 .debug_frame   0x00000adc       0x2c /Applications/microchip/xc32/v1.31/bin/../lib/gcc/pic32mx/4.5.2/../../../../pic32mx/lib/libc.a(_fputc_simple.o)
 .debug_frame   0x00000b08       0x20 /Applications/microchip/xc32/v1.31/bin/../lib/gcc/pic32mx/4.5.2/../../../../pic32mx/lib/libc.a(atoi.o)
 .debug_frame   0x00000b28      0x120 /Applications/microchip/xc32/v1.31/bin/../lib/gcc/pic32mx/4.5.2/../../../../pic32mx/lib/libc.a(ctypef.o)
 .debug_frame   0x00000c48       0x20 /Applications/microchip/xc32/v1.31/bin/../lib/gcc/pic32mx/4.5.2/../../../../pic32mx/lib/libc.a(ungetc.o)
 .debug_frame   0x00000c68       0x30 /Applications/microchip/xc32/v1.31/bin/../lib/gcc/pic32mx/4.5.2/../../../../pic32mx/lib/libc.a(filbuf.o)
 .debug_frame   0x00000c98       0x28 /Applications/microchip/xc32/v1.31/bin/../lib/gcc/pic32mx/4.5.2/../../../../pic32mx/lib/libc.a(_flsbuf_simple.o)
 .debug_frame   0x00000cc0       0x2c /Applications/microchip/xc32/v1.31/bin/../lib/gcc/pic32mx/4.5.2/../../../../pic32mx/lib/libc.a(fflush.o)
 .debug_frame   0x00000cec       0x2c /Applications/microchip/xc32/v1.31/bin/../lib/gcc/pic32mx/4.5.2/../../../../pic32mx/lib/libpic32.a(read.o)
 .debug_frame   0x00000d18       0x28 /Applications/microchip/xc32/v1.31/bin/../lib/gcc/pic32mx/4.5.2/../../../../pic32mx/lib/libpic32.a(write.o)
 .debug_frame   0x00000d40       0x20 /Applications/microchip/xc32/v1.31/bin/../lib/gcc/pic32mx/4.5.2/../../../../pic32mx/lib/libpic32.a(_mon_putc.o)
 .debug_frame   0x00000d60       0x20 /Applications/microchip/xc32/v1.31/bin/../lib/gcc/pic32mx/4.5.2/../../../../pic32mx/lib/libe.a(_floatdisf.o)
 .debug_frame   0x00000d80       0x2c /Applications/microchip/xc32/v1.31/bin/../lib/gcc/pic32mx/4.5.2/libgcc.a(_floatundisf.o)
 .debug_frame   0x00000dac       0x20 /Applications/microchip/xc32/v1.31/bin/../lib/gcc/pic32mx/4.5.2/libgcc.a(_udivdi3.o)
 .debug_frame   0x00000dcc       0x20 /Applications/microchip/xc32/v1.31/bin/../lib/gcc/pic32mx/4.5.2/libgcc.a(_umoddi3.o)
 .debug_frame   0x00000dec       0x28 /Applications/microchip/xc32/v1.31/bin/../lib/gcc/pic32mx/4.5.2/libgcc.a(floatunsisf.o)

.debug_str      0x00000000      0xb95
 *(.debug_str)
 .debug_str     0x00000000      0x191 NU32.o
 .debug_str     0x00000191      0x19b core.o
 .debug_str     0x0000032c      0x194 current.o
 .debug_str     0x000004c0      0x1cb dee_emulation_pic32.o
 .debug_str     0x0000068b      0x12f main.o
 .debug_str     0x000007ba      0x143 menu.o
 .debug_str     0x000008fd      0x169 motion.o
 .debug_str     0x00000a66      0x12f streaming.o
 .debug_str     0x00000b95        0x0 /Applications/microchip/xc32/v1.31/bin/../lib/gcc/pic32mx/4.5.2/../../../../pic32mx/lib/libmchp_peripheral_32MX795F512L.a(pcache.o)
 .debug_str     0x00000b95        0x0 /Applications/microchip/xc32/v1.31/bin/../lib/gcc/pic32mx/4.5.2/../../../../pic32mx/lib/libmchp_peripheral_32MX795F512L.a(int_enable_interrupts_lib.o)
 .debug_str     0x00000b95        0x0 /Applications/microchip/xc32/v1.31/bin/../lib/gcc/pic32mx/4.5.2/../../../../pic32mx/lib/libmchp_peripheral_32MX795F512L.a(int_disable_interrupts_lib.o)
 .debug_str     0x00000b95        0x0 /Applications/microchip/xc32/v1.31/bin/../lib/gcc/pic32mx/4.5.2/../../../../pic32mx/lib/libmchp_peripheral_32MX795F512L.a(int_restore_interrupts_lib.o)
 .debug_str     0x00000b95        0x0 /Applications/microchip/xc32/v1.31/bin/../lib/gcc/pic32mx/4.5.2/../../../../pic32mx/lib/libmchp_peripheral_32MX795F512L.a(int_enable_mv_int_lib.o)
 .debug_str     0x00000b95        0x0 /Applications/microchip/xc32/v1.31/bin/../lib/gcc/pic32mx/4.5.2/../../../../pic32mx/lib/libmchp_peripheral_32MX795F512L.a(nvm_erase_page_lib.o)
 .debug_str     0x00000b95        0x0 /Applications/microchip/xc32/v1.31/bin/../lib/gcc/pic32mx/4.5.2/../../../../pic32mx/lib/libmchp_peripheral_32MX795F512L.a(nvm_operation_lib.o)
 .debug_str     0x00000b95        0x0 /Applications/microchip/xc32/v1.31/bin/../lib/gcc/pic32mx/4.5.2/../../../../pic32mx/lib/libmchp_peripheral_32MX795F512L.a(nvm_write_word_lib.o)
 .debug_str     0x00000b95        0x0 /Applications/microchip/xc32/v1.31/bin/../lib/gcc/pic32mx/4.5.2/../../../../pic32mx/lib/libmchp_peripheral_32MX795F512L.a(uart_lib.o)
 .debug_str     0x00000b95        0x0 /Applications/microchip/xc32/v1.31/bin/../lib/gcc/pic32mx/4.5.2/../../../../pic32mx/lib/libpic32.a(default-bootstrap-exception-handler.o)
 .debug_str     0x00000b95        0x0 /Applications/microchip/xc32/v1.31/bin/../lib/gcc/pic32mx/4.5.2/../../../../pic32mx/lib/libpic32.a(default-on-reset.o)
 .debug_str     0x00000b95        0x0 /Applications/microchip/xc32/v1.31/bin/../lib/gcc/pic32mx/4.5.2/../../../../pic32mx/lib/libpic32.a(default-on-bootstrap.o)
 .debug_str     0x00000b95        0x0 /Applications/microchip/xc32/v1.31/bin/../lib/gcc/pic32mx/4.5.2/../../../../pic32mx/lib/libpic32.a(default-general-exception-handler.o)
 .debug_str     0x00000b95        0x0 /Applications/microchip/xc32/v1.31/bin/../lib/gcc/pic32mx/4.5.2/../../../../pic32mx/lib/libc.a(sprintf_cdnopuxX.eo)
 .debug_str     0x00000b95        0x0 /Applications/microchip/xc32/v1.31/bin/../lib/gcc/pic32mx/4.5.2/../../../../pic32mx/lib/libc.a(sprintf.o)
 .debug_str     0x00000b95        0x0 /Applications/microchip/xc32/v1.31/bin/../lib/gcc/pic32mx/4.5.2/../../../../pic32mx/lib/libc.a(sscanf_cdnopuxX.eo)
 .debug_str     0x00000b95        0x0 /Applications/microchip/xc32/v1.31/bin/../lib/gcc/pic32mx/4.5.2/../../../../pic32mx/lib/libc.a(doprnt_cdnopuxX.eo)
 .debug_str     0x00000b95        0x0 /Applications/microchip/xc32/v1.31/bin/../lib/gcc/pic32mx/4.5.2/../../../../pic32mx/lib/libc.a(doprnt.o)
 .debug_str     0x00000b95        0x0 /Applications/microchip/xc32/v1.31/bin/../lib/gcc/pic32mx/4.5.2/../../../../pic32mx/lib/libc.a(doscan_cdnopuxX.eo)
 .debug_str     0x00000b95        0x0 /Applications/microchip/xc32/v1.31/bin/../lib/gcc/pic32mx/4.5.2/../../../../pic32mx/lib/libc.a(fgetc.o)
 .debug_str     0x00000b95        0x0 /Applications/microchip/xc32/v1.31/bin/../lib/gcc/pic32mx/4.5.2/../../../../pic32mx/lib/libc.a(_fputc_simple.o)
 .debug_str     0x00000b95        0x0 /Applications/microchip/xc32/v1.31/bin/../lib/gcc/pic32mx/4.5.2/../../../../pic32mx/lib/libc.a(atoi.o)
 .debug_str     0x00000b95        0x0 /Applications/microchip/xc32/v1.31/bin/../lib/gcc/pic32mx/4.5.2/../../../../pic32mx/lib/libc.a(ctype.o)
 .debug_str     0x00000b95        0x0 /Applications/microchip/xc32/v1.31/bin/../lib/gcc/pic32mx/4.5.2/../../../../pic32mx/lib/libc.a(ctypef.o)
 .debug_str     0x00000b95        0x0 /Applications/microchip/xc32/v1.31/bin/../lib/gcc/pic32mx/4.5.2/../../../../pic32mx/lib/libc.a(powersf.o)
 .debug_str     0x00000b95        0x0 /Applications/microchip/xc32/v1.31/bin/../lib/gcc/pic32mx/4.5.2/../../../../pic32mx/lib/libc.a(ungetc.o)
 .debug_str     0x00000b95        0x0 /Applications/microchip/xc32/v1.31/bin/../lib/gcc/pic32mx/4.5.2/../../../../pic32mx/lib/libc.a(_iob.o)
 .debug_str     0x00000b95        0x0 /Applications/microchip/xc32/v1.31/bin/../lib/gcc/pic32mx/4.5.2/../../../../pic32mx/lib/libc.a(filbuf.o)
 .debug_str     0x00000b95        0x0 /Applications/microchip/xc32/v1.31/bin/../lib/gcc/pic32mx/4.5.2/../../../../pic32mx/lib/libc.a(_flsbuf_simple.o)
 .debug_str     0x00000b95        0x0 /Applications/microchip/xc32/v1.31/bin/../lib/gcc/pic32mx/4.5.2/../../../../pic32mx/lib/libc.a(fflush.o)
 .debug_str     0x00000b95        0x0 /Applications/microchip/xc32/v1.31/bin/../lib/gcc/pic32mx/4.5.2/../../../../pic32mx/lib/libpic32.a(read.o)
 .debug_str     0x00000b95        0x0 /Applications/microchip/xc32/v1.31/bin/../lib/gcc/pic32mx/4.5.2/../../../../pic32mx/lib/libpic32.a(write.o)
 .debug_str     0x00000b95        0x0 /Applications/microchip/xc32/v1.31/bin/../lib/gcc/pic32mx/4.5.2/../../../../pic32mx/lib/libpic32.a(xc32_uart.o)
 .debug_str     0x00000b95        0x0 /Applications/microchip/xc32/v1.31/bin/../lib/gcc/pic32mx/4.5.2/../../../../pic32mx/lib/libpic32.a(_mon_putc.o)
 .debug_str     0x00000b95        0x0 /Applications/microchip/xc32/v1.31/bin/../lib/gcc/pic32mx/4.5.2/../../../../pic32mx/lib/libe.a(_floatdisf.o)
 .debug_str     0x00000b95        0x0 /Applications/microchip/xc32/v1.31/bin/../lib/gcc/pic32mx/4.5.2/libgcc.a(_floatundisf.o)
 .debug_str     0x00000b95        0x0 /Applications/microchip/xc32/v1.31/bin/../lib/gcc/pic32mx/4.5.2/libgcc.a(_udivdi3.o)
 .debug_str     0x00000b95        0x0 /Applications/microchip/xc32/v1.31/bin/../lib/gcc/pic32mx/4.5.2/libgcc.a(_umoddi3.o)
 .debug_str     0x00000b95        0x0 /Applications/microchip/xc32/v1.31/bin/../lib/gcc/pic32mx/4.5.2/libgcc.a(floatunsisf.o)

.debug_loc      0x00000000     0x1440
 *(.debug_loc)
 .debug_loc     0x00000000       0xc9 /Applications/microchip/xc32/v1.31/bin/../lib/gcc/pic32mx/4.5.2/libgcc.a(_floatundisf.o)
 .debug_loc     0x000000c9      0x9f9 /Applications/microchip/xc32/v1.31/bin/../lib/gcc/pic32mx/4.5.2/libgcc.a(_udivdi3.o)
 .debug_loc     0x00000ac2      0x916 /Applications/microchip/xc32/v1.31/bin/../lib/gcc/pic32mx/4.5.2/libgcc.a(_umoddi3.o)
 .debug_loc     0x000013d8       0x68 /Applications/microchip/xc32/v1.31/bin/../lib/gcc/pic32mx/4.5.2/libgcc.a(floatunsisf.o)

.debug_macinfo
 *(.debug_macinfo)

.debug_weaknames
 *(.debug_weaknames)

.debug_funcnames
 *(.debug_funcnames)

.debug_typenames
 *(.debug_typenames)

.debug_varnames
 *(.debug_varnames)

.debug_pubtypes
                0x00000000      0xa92
 *(.debug_pubtypes)
 .debug_pubtypes
                0x00000000      0x18f NU32.o
 .debug_pubtypes
                0x0000018f      0x141 core.o
 .debug_pubtypes
                0x000002d0      0x180 current.o
 .debug_pubtypes
                0x00000450       0xf9 dee_emulation_pic32.o
 .debug_pubtypes
                0x00000549       0xe7 main.o
 .debug_pubtypes
                0x00000630       0xff menu.o
 .debug_pubtypes
                0x0000072f      0x156 motion.o
 .debug_pubtypes
                0x00000885       0xe7 streaming.o
 .debug_pubtypes
                0x0000096c       0x40 /Applications/microchip/xc32/v1.31/bin/../lib/gcc/pic32mx/4.5.2/libgcc.a(_floatundisf.o)
 .debug_pubtypes
                0x000009ac       0x59 /Applications/microchip/xc32/v1.31/bin/../lib/gcc/pic32mx/4.5.2/libgcc.a(_udivdi3.o)
 .debug_pubtypes
                0x00000a05       0x59 /Applications/microchip/xc32/v1.31/bin/../lib/gcc/pic32mx/4.5.2/libgcc.a(_umoddi3.o)
 .debug_pubtypes
                0x00000a5e       0x34 /Applications/microchip/xc32/v1.31/bin/../lib/gcc/pic32mx/4.5.2/libgcc.a(floatunsisf.o)

.debug_ranges   0x00000000       0xd0
 *(.debug_ranges)
 .debug_ranges  0x00000000       0x18 /Applications/microchip/xc32/v1.31/bin/../lib/gcc/pic32mx/4.5.2/../../../../pic32mx/lib/libmchp_peripheral_32MX795F512L.a(pcache.o)
 .debug_ranges  0x00000018       0x10 /Applications/microchip/xc32/v1.31/bin/../lib/gcc/pic32mx/4.5.2/../../../../pic32mx/lib/libmchp_peripheral_32MX795F512L.a(int_enable_interrupts_lib.o)
 .debug_ranges  0x00000028       0x10 /Applications/microchip/xc32/v1.31/bin/../lib/gcc/pic32mx/4.5.2/../../../../pic32mx/lib/libmchp_peripheral_32MX795F512L.a(int_disable_interrupts_lib.o)
 .debug_ranges  0x00000038       0x10 /Applications/microchip/xc32/v1.31/bin/../lib/gcc/pic32mx/4.5.2/../../../../pic32mx/lib/libmchp_peripheral_32MX795F512L.a(int_restore_interrupts_lib.o)
 .debug_ranges  0x00000048       0x10 /Applications/microchip/xc32/v1.31/bin/../lib/gcc/pic32mx/4.5.2/../../../../pic32mx/lib/libmchp_peripheral_32MX795F512L.a(int_enable_mv_int_lib.o)
 .debug_ranges  0x00000058       0x10 /Applications/microchip/xc32/v1.31/bin/../lib/gcc/pic32mx/4.5.2/../../../../pic32mx/lib/libmchp_peripheral_32MX795F512L.a(nvm_erase_page_lib.o)
 .debug_ranges  0x00000068       0x10 /Applications/microchip/xc32/v1.31/bin/../lib/gcc/pic32mx/4.5.2/../../../../pic32mx/lib/libmchp_peripheral_32MX795F512L.a(nvm_operation_lib.o)
 .debug_ranges  0x00000078       0x10 /Applications/microchip/xc32/v1.31/bin/../lib/gcc/pic32mx/4.5.2/../../../../pic32mx/lib/libmchp_peripheral_32MX795F512L.a(nvm_write_word_lib.o)
 .debug_ranges  0x00000088       0x48 /Applications/microchip/xc32/v1.31/bin/../lib/gcc/pic32mx/4.5.2/../../../../pic32mx/lib/libmchp_peripheral_32MX795F512L.a(uart_lib.o)

.gnu.attributes
                0x00000000       0x10
 *(.gnu.attributes)
 .gnu.attributes
                0x00000000       0x10 NU32.o
 .gnu.attributes
                0x00000010       0x10 core.o
 .gnu.attributes
                0x00000020       0x10 current.o
 .gnu.attributes
                0x00000030       0x10 dee_emulation_pic32.o
 .gnu.attributes
                0x00000040       0x10 main.o
 .gnu.attributes
                0x00000050       0x10 menu.o
 .gnu.attributes
                0x00000060       0x10 motion.o
 .gnu.attributes
                0x00000070       0x10 streaming.o
 .gnu.attributes
                0x00000080       0x10 /Applications/microchip/xc32/v1.31/bin/../lib/gcc/pic32mx/4.5.2/../../../../pic32mx/lib/libmchp_peripheral_32MX795F512L.a(pcache.o)
 .gnu.attributes
                0x00000090       0x10 /Applications/microchip/xc32/v1.31/bin/../lib/gcc/pic32mx/4.5.2/../../../../pic32mx/lib/libmchp_peripheral_32MX795F512L.a(int_enable_interrupts_lib.o)
 .gnu.attributes
                0x000000a0       0x10 /Applications/microchip/xc32/v1.31/bin/../lib/gcc/pic32mx/4.5.2/../../../../pic32mx/lib/libmchp_peripheral_32MX795F512L.a(int_disable_interrupts_lib.o)
 .gnu.attributes
                0x000000b0       0x10 /Applications/microchip/xc32/v1.31/bin/../lib/gcc/pic32mx/4.5.2/../../../../pic32mx/lib/libmchp_peripheral_32MX795F512L.a(int_restore_interrupts_lib.o)
 .gnu.attributes
                0x000000c0       0x10 /Applications/microchip/xc32/v1.31/bin/../lib/gcc/pic32mx/4.5.2/../../../../pic32mx/lib/libmchp_peripheral_32MX795F512L.a(int_enable_mv_int_lib.o)
 .gnu.attributes
                0x000000d0       0x10 /Applications/microchip/xc32/v1.31/bin/../lib/gcc/pic32mx/4.5.2/../../../../pic32mx/lib/libmchp_peripheral_32MX795F512L.a(nvm_erase_page_lib.o)
 .gnu.attributes
                0x000000e0       0x10 /Applications/microchip/xc32/v1.31/bin/../lib/gcc/pic32mx/4.5.2/../../../../pic32mx/lib/libmchp_peripheral_32MX795F512L.a(nvm_operation_lib.o)
 .gnu.attributes
                0x000000f0       0x10 /Applications/microchip/xc32/v1.31/bin/../lib/gcc/pic32mx/4.5.2/../../../../pic32mx/lib/libmchp_peripheral_32MX795F512L.a(nvm_write_word_lib.o)
 .gnu.attributes
                0x00000100       0x10 /Applications/microchip/xc32/v1.31/bin/../lib/gcc/pic32mx/4.5.2/../../../../pic32mx/lib/libmchp_peripheral_32MX795F512L.a(uart_lib.o)
 .gnu.attributes
                0x00000110       0x10 /Applications/microchip/xc32/v1.31/bin/../lib/gcc/pic32mx/4.5.2/../../../../pic32mx/lib/libpic32.a(default-bootstrap-exception-handler.o)
 .gnu.attributes
                0x00000120       0x10 /Applications/microchip/xc32/v1.31/bin/../lib/gcc/pic32mx/4.5.2/../../../../pic32mx/lib/libpic32.a(default-on-reset.o)
 .gnu.attributes
                0x00000130       0x10 /Applications/microchip/xc32/v1.31/bin/../lib/gcc/pic32mx/4.5.2/../../../../pic32mx/lib/libpic32.a(default-on-bootstrap.o)
 .gnu.attributes
                0x00000140       0x10 /Applications/microchip/xc32/v1.31/bin/../lib/gcc/pic32mx/4.5.2/../../../../pic32mx/lib/libpic32.a(default-general-exception-handler.o)
 .gnu.attributes
                0x00000150       0x10 /Applications/microchip/xc32/v1.31/bin/../lib/gcc/pic32mx/4.5.2/../../../../pic32mx/lib/libc.a(sprintf_cdnopuxX.eo)
 .gnu.attributes
                0x00000160       0x10 /Applications/microchip/xc32/v1.31/bin/../lib/gcc/pic32mx/4.5.2/../../../../pic32mx/lib/libc.a(sprintf.o)
 .gnu.attributes
                0x00000170       0x10 /Applications/microchip/xc32/v1.31/bin/../lib/gcc/pic32mx/4.5.2/../../../../pic32mx/lib/libc.a(sscanf_cdnopuxX.eo)
 .gnu.attributes
                0x00000180       0x10 /Applications/microchip/xc32/v1.31/bin/../lib/gcc/pic32mx/4.5.2/../../../../pic32mx/lib/libc.a(doprnt_cdnopuxX.eo)
 .gnu.attributes
                0x00000190       0x10 /Applications/microchip/xc32/v1.31/bin/../lib/gcc/pic32mx/4.5.2/../../../../pic32mx/lib/libc.a(doprnt.o)
 .gnu.attributes
                0x000001a0       0x10 /Applications/microchip/xc32/v1.31/bin/../lib/gcc/pic32mx/4.5.2/../../../../pic32mx/lib/libc.a(doscan_cdnopuxX.eo)
 .gnu.attributes
                0x000001b0       0x10 /Applications/microchip/xc32/v1.31/bin/../lib/gcc/pic32mx/4.5.2/../../../../pic32mx/lib/libc.a(fgetc.o)
 .gnu.attributes
                0x000001c0       0x10 /Applications/microchip/xc32/v1.31/bin/../lib/gcc/pic32mx/4.5.2/../../../../pic32mx/lib/libc.a(_fputc_simple.o)
 .gnu.attributes
                0x000001d0       0x10 /Applications/microchip/xc32/v1.31/bin/../lib/gcc/pic32mx/4.5.2/../../../../pic32mx/lib/libc.a(atoi.o)
 .gnu.attributes
                0x000001e0       0x10 /Applications/microchip/xc32/v1.31/bin/../lib/gcc/pic32mx/4.5.2/../../../../pic32mx/lib/libc.a(ctype.o)
 .gnu.attributes
                0x000001f0       0x10 /Applications/microchip/xc32/v1.31/bin/../lib/gcc/pic32mx/4.5.2/../../../../pic32mx/lib/libc.a(ctypef.o)
 .gnu.attributes
                0x00000200       0x10 /Applications/microchip/xc32/v1.31/bin/../lib/gcc/pic32mx/4.5.2/../../../../pic32mx/lib/libc.a(powersf.o)
 .gnu.attributes
                0x00000210       0x10 /Applications/microchip/xc32/v1.31/bin/../lib/gcc/pic32mx/4.5.2/../../../../pic32mx/lib/libc.a(ungetc.o)
 .gnu.attributes
                0x00000220       0x10 /Applications/microchip/xc32/v1.31/bin/../lib/gcc/pic32mx/4.5.2/../../../../pic32mx/lib/libc.a(_iob.o)
 .gnu.attributes
                0x00000230       0x10 /Applications/microchip/xc32/v1.31/bin/../lib/gcc/pic32mx/4.5.2/../../../../pic32mx/lib/libc.a(filbuf.o)
 .gnu.attributes
                0x00000240       0x10 /Applications/microchip/xc32/v1.31/bin/../lib/gcc/pic32mx/4.5.2/../../../../pic32mx/lib/libc.a(_flsbuf_simple.o)
 .gnu.attributes
                0x00000250       0x10 /Applications/microchip/xc32/v1.31/bin/../lib/gcc/pic32mx/4.5.2/../../../../pic32mx/lib/libc.a(fflush.o)
 .gnu.attributes
                0x00000260       0x10 /Applications/microchip/xc32/v1.31/bin/../lib/gcc/pic32mx/4.5.2/../../../../pic32mx/lib/libpic32.a(read.o)
 .gnu.attributes
                0x00000270       0x10 /Applications/microchip/xc32/v1.31/bin/../lib/gcc/pic32mx/4.5.2/../../../../pic32mx/lib/libpic32.a(write.o)
 .gnu.attributes
                0x00000280       0x10 /Applications/microchip/xc32/v1.31/bin/../lib/gcc/pic32mx/4.5.2/../../../../pic32mx/lib/libpic32.a(xc32_uart.o)
 .gnu.attributes
                0x00000290       0x10 /Applications/microchip/xc32/v1.31/bin/../lib/gcc/pic32mx/4.5.2/../../../../pic32mx/lib/libpic32.a(_mon_putc.o)
 .gnu.attributes
                0x000002a0       0x10 /Applications/microchip/xc32/v1.31/bin/../lib/gcc/pic32mx/4.5.2/../../../../pic32mx/lib/libe.a(_floatdisf.o)
 .gnu.attributes
                0x000002b0       0x10 /Applications/microchip/xc32/v1.31/bin/../lib/gcc/pic32mx/4.5.2/libgcc.a(_floatundisf.o)
 .gnu.attributes
                0x000002c0       0x10 /Applications/microchip/xc32/v1.31/bin/../lib/gcc/pic32mx/4.5.2/libgcc.a(_udivdi3.o)
 .gnu.attributes
                0x000002d0       0x10 /Applications/microchip/xc32/v1.31/bin/../lib/gcc/pic32mx/4.5.2/libgcc.a(_umoddi3.o)
 .gnu.attributes
                0x000002e0       0x10 /Applications/microchip/xc32/v1.31/bin/../lib/gcc/pic32mx/4.5.2/libgcc.a(floatunsisf.o)
LOAD /Applications/microchip/xc32/v1.31/bin/../lib/gcc/pic32mx/4.5.2/libgcc.a
START GROUP
LOAD /Applications/microchip/xc32/v1.31/bin/../lib/gcc/pic32mx/4.5.2/../../../../pic32mx/lib/libpic32.a
LOAD /Applications/microchip/xc32/v1.31/bin/../lib/gcc/pic32mx/4.5.2/../../../../pic32mx/lib/libdebug.a
LOAD /Applications/microchip/xc32/v1.31/bin/../lib/gcc/pic32mx/4.5.2/../../../../pic32mx/lib/libm.a
LOAD /Applications/microchip/xc32/v1.31/bin/../lib/gcc/pic32mx/4.5.2/../../../../pic32mx/lib/libe.a
LOAD /Applications/microchip/xc32/v1.31/bin/../lib/gcc/pic32mx/4.5.2/../../../../pic32mx/lib/libdsp.a
LOAD /Applications/microchip/xc32/v1.31/bin/../lib/gcc/pic32mx/4.5.2/libgcc.a
LOAD /Applications/microchip/xc32/v1.31/bin/../lib/gcc/pic32mx/4.5.2/../../../../pic32mx/lib/libpic32.a
LOAD /Applications/microchip/xc32/v1.31/bin/../lib/gcc/pic32mx/4.5.2/../../../../pic32mx/lib/libc.a
LOAD /Applications/microchip/xc32/v1.31/bin/../lib/gcc/pic32mx/4.5.2/../../../../pic32mx/lib/libpic32.a
END GROUP
LOAD /Applications/microchip/xc32/v1.31/bin/../lib/gcc/pic32mx/4.5.2/libgcc.a
LOAD /Applications/microchip/xc32/v1.31/bin/../lib/gcc/pic32mx/4.5.2/../../../../pic32mx/lib/debug-exception-return.o
OUTPUT(out.elf elf32-tradlittlemips)
LOAD stack
LOAD data_init

.stack          0xa000d350      0x400
 .stack         0xa000d350      0x400 stack

.bss            0xa00000cc     0xd130
 .bss           0xa00000cc     0xc000 streaming.o
 .bss           0xa000c0cc      0xfa0 motion.o
 .bss           0xa000d06c       0xc8 current.o
 .bss           0xa000d134       0xc8 menu.o

.data           0xa000d1fc       0xa0
 .data          0xa000d1fc       0xa0 /Applications/microchip/xc32/v1.31/bin/../lib/gcc/pic32mx/4.5.2/../../../../pic32mx/lib/libc.a(_iob.o)
                0xa000d1fc                _iob

.bss            0xa000d29c       0x94
 .bss           0xa000d29c       0x50 core.o
 .bss           0xa000d2ec       0x40 /Applications/microchip/xc32/v1.31/bin/../lib/gcc/pic32mx/4.5.2/../../../../pic32mx/lib/libc.a(_iob.o)
                0xa000d2ec                _sibuf
                0xa000d30c                _sobuf
 .bss           0xa000d32c        0x4 /Applications/microchip/xc32/v1.31/bin/../lib/gcc/pic32mx/4.5.2/../../../../pic32mx/lib/libc.a(doscan_cdnopuxX.eo)

.bss%z1         0x00000000        0x0
 .bss           0x00000000        0x0 /Applications/microchip/xc32/v1.31/bin/../lib/gcc/pic32mx/4.5.2/../../../../pic32mx/lib/debug-exception-return.o

.data%z2        0x00000000        0x0
 .data          0x00000000        0x0 /Applications/microchip/xc32/v1.31/bin/../lib/gcc/pic32mx/4.5.2/../../../../pic32mx/lib/debug-exception-return.o

.mdebug.abi32%z3
                0x00000000        0x0
 .mdebug.abi32  0x00000000        0x0 /Applications/microchip/xc32/v1.31/bin/../lib/gcc/pic32mx/4.5.2/libgcc.a(floatunsisf.o)

.bss%z4         0x00000000        0x0
 .bss           0x00000000        0x0 /Applications/microchip/xc32/v1.31/bin/../lib/gcc/pic32mx/4.5.2/libgcc.a(floatunsisf.o)

.data%z5        0x00000000        0x0
 .data          0x00000000        0x0 /Applications/microchip/xc32/v1.31/bin/../lib/gcc/pic32mx/4.5.2/libgcc.a(floatunsisf.o)

.mdebug.abi32%z6
                0x00000000        0x0
 .mdebug.abi32  0x00000000        0x0 /Applications/microchip/xc32/v1.31/bin/../lib/gcc/pic32mx/4.5.2/libgcc.a(_umoddi3.o)

.bss%z7         0x00000000        0x0
 .bss           0x00000000        0x0 /Applications/microchip/xc32/v1.31/bin/../lib/gcc/pic32mx/4.5.2/libgcc.a(_umoddi3.o)

.data%z8        0x00000000        0x0
 .data          0x00000000        0x0 /Applications/microchip/xc32/v1.31/bin/../lib/gcc/pic32mx/4.5.2/libgcc.a(_umoddi3.o)

.mdebug.abi32%z9
                0x00000000        0x0
 .mdebug.abi32  0x00000000        0x0 /Applications/microchip/xc32/v1.31/bin/../lib/gcc/pic32mx/4.5.2/libgcc.a(_udivdi3.o)

.bss%z10        0x00000000        0x0
 .bss           0x00000000        0x0 /Applications/microchip/xc32/v1.31/bin/../lib/gcc/pic32mx/4.5.2/libgcc.a(_udivdi3.o)

.data%z11       0x00000000        0x0
 .data          0x00000000        0x0 /Applications/microchip/xc32/v1.31/bin/../lib/gcc/pic32mx/4.5.2/libgcc.a(_udivdi3.o)

.mdebug.abi32%z12
                0x00000000        0x0
 .mdebug.abi32  0x00000000        0x0 /Applications/microchip/xc32/v1.31/bin/../lib/gcc/pic32mx/4.5.2/libgcc.a(_floatundisf.o)

.bss%z13        0x00000000        0x0
 .bss           0x00000000        0x0 /Applications/microchip/xc32/v1.31/bin/../lib/gcc/pic32mx/4.5.2/libgcc.a(_floatundisf.o)

.data%z14       0x00000000        0x0
 .data          0x00000000        0x0 /Applications/microchip/xc32/v1.31/bin/../lib/gcc/pic32mx/4.5.2/libgcc.a(_floatundisf.o)

.mdebug.abi32%z15
                0x00000000        0x0
 .mdebug.abi32  0x00000000        0x0 /Applications/microchip/xc32/v1.31/bin/../lib/gcc/pic32mx/4.5.2/../../../../pic32mx/lib/libe.a(_floatdisf.o)

.bss%z16        0x00000000        0x0
 .bss           0x00000000        0x0 /Applications/microchip/xc32/v1.31/bin/../lib/gcc/pic32mx/4.5.2/../../../../pic32mx/lib/libe.a(_floatdisf.o)

.data%z17       0x00000000        0x0
 .data          0x00000000        0x0 /Applications/microchip/xc32/v1.31/bin/../lib/gcc/pic32mx/4.5.2/../../../../pic32mx/lib/libe.a(_floatdisf.o)

.bss%z18        0x00000000        0x0
 .bss           0x00000000        0x0 /Applications/microchip/xc32/v1.31/bin/../lib/gcc/pic32mx/4.5.2/../../../../pic32mx/lib/libm.a(fpmod32.o)

.data%z19       0x00000000        0x0
 .data          0x00000000        0x0 /Applications/microchip/xc32/v1.31/bin/../lib/gcc/pic32mx/4.5.2/../../../../pic32mx/lib/libm.a(fpmod32.o)

.mdebug.abi32%z20
                0x00000000        0x0
 .mdebug.abi32  0x00000000        0x0 /Applications/microchip/xc32/v1.31/bin/../lib/gcc/pic32mx/4.5.2/../../../../pic32mx/lib/libpic32.a(_mon_putc.o)

.bss%z21        0x00000000        0x0
 .bss           0x00000000        0x0 /Applications/microchip/xc32/v1.31/bin/../lib/gcc/pic32mx/4.5.2/../../../../pic32mx/lib/libpic32.a(_mon_putc.o)

.data%z22       0x00000000        0x0
 .data          0x00000000        0x0 /Applications/microchip/xc32/v1.31/bin/../lib/gcc/pic32mx/4.5.2/../../../../pic32mx/lib/libpic32.a(_mon_putc.o)

.mdebug.abi32%z23
                0x00000000        0x0
 .mdebug.abi32  0x00000000        0x0 /Applications/microchip/xc32/v1.31/bin/../lib/gcc/pic32mx/4.5.2/../../../../pic32mx/lib/libpic32.a(xc32_uart.o)

.bss%z24        0x00000000        0x0
 .bss           0x00000000        0x0 /Applications/microchip/xc32/v1.31/bin/../lib/gcc/pic32mx/4.5.2/../../../../pic32mx/lib/libpic32.a(xc32_uart.o)

.data%z25       0x00000000        0x0
 .data          0x00000000        0x0 /Applications/microchip/xc32/v1.31/bin/../lib/gcc/pic32mx/4.5.2/../../../../pic32mx/lib/libpic32.a(xc32_uart.o)

.mdebug.abi32%z26
                0x00000000        0x0
 .mdebug.abi32  0x00000000        0x0 /Applications/microchip/xc32/v1.31/bin/../lib/gcc/pic32mx/4.5.2/../../../../pic32mx/lib/libpic32.a(write.o)

.bss%z27        0x00000000        0x0
 .bss           0x00000000        0x0 /Applications/microchip/xc32/v1.31/bin/../lib/gcc/pic32mx/4.5.2/../../../../pic32mx/lib/libpic32.a(write.o)

.data%z28       0x00000000        0x0
 .data          0x00000000        0x0 /Applications/microchip/xc32/v1.31/bin/../lib/gcc/pic32mx/4.5.2/../../../../pic32mx/lib/libpic32.a(write.o)

.mdebug.abi32%z29
                0x00000000        0x0
 .mdebug.abi32  0x00000000        0x0 /Applications/microchip/xc32/v1.31/bin/../lib/gcc/pic32mx/4.5.2/../../../../pic32mx/lib/libpic32.a(read.o)

.bss%z30        0x00000000        0x0
 .bss           0x00000000        0x0 /Applications/microchip/xc32/v1.31/bin/../lib/gcc/pic32mx/4.5.2/../../../../pic32mx/lib/libpic32.a(read.o)

.data%z31       0x00000000        0x0
 .data          0x00000000        0x0 /Applications/microchip/xc32/v1.31/bin/../lib/gcc/pic32mx/4.5.2/../../../../pic32mx/lib/libpic32.a(read.o)

.mdebug.abi32%z32
                0x00000000        0x0
 .mdebug.abi32  0x00000000        0x0 /Applications/microchip/xc32/v1.31/bin/../lib/gcc/pic32mx/4.5.2/../../../../pic32mx/lib/libc.a(fflush.o)

.bss%z33        0x00000000        0x0
 .bss           0x00000000        0x0 /Applications/microchip/xc32/v1.31/bin/../lib/gcc/pic32mx/4.5.2/../../../../pic32mx/lib/libc.a(fflush.o)

.data%z34       0x00000000        0x0
 .data          0x00000000        0x0 /Applications/microchip/xc32/v1.31/bin/../lib/gcc/pic32mx/4.5.2/../../../../pic32mx/lib/libc.a(fflush.o)

.mdebug.abi32%z35
                0x00000000        0x0
 .mdebug.abi32  0x00000000        0x0 /Applications/microchip/xc32/v1.31/bin/../lib/gcc/pic32mx/4.5.2/../../../../pic32mx/lib/libc.a(_flsbuf_simple.o)

.bss%z36        0x00000000        0x0
 .bss           0x00000000        0x0 /Applications/microchip/xc32/v1.31/bin/../lib/gcc/pic32mx/4.5.2/../../../../pic32mx/lib/libc.a(_flsbuf_simple.o)

.data%z37       0x00000000        0x0
 .data          0x00000000        0x0 /Applications/microchip/xc32/v1.31/bin/../lib/gcc/pic32mx/4.5.2/../../../../pic32mx/lib/libc.a(_flsbuf_simple.o)

.mdebug.abi32%z38
                0x00000000        0x0
 .mdebug.abi32  0x00000000        0x0 /Applications/microchip/xc32/v1.31/bin/../lib/gcc/pic32mx/4.5.2/../../../../pic32mx/lib/libc.a(filbuf.o)

.bss%z39        0x00000000        0x0